Component: ARM Compiler 5.06 update 6 (build 750) Tool: armlink [4d35ed]

==============================================================================

Section Cross References

    startup_stm32f10x_md_vl.o(STACK) refers (Special) to heapauxi.o(.text) for __use_two_region_memory
    startup_stm32f10x_md_vl.o(HEAP) refers (Special) to heapauxi.o(.text) for __use_two_region_memory
    startup_stm32f10x_md_vl.o(RESET) refers (Special) to heapauxi.o(.text) for __use_two_region_memory
    startup_stm32f10x_md_vl.o(RESET) refers to startup_stm32f10x_md_vl.o(STACK) for __initial_sp
    startup_stm32f10x_md_vl.o(RESET) refers to startup_stm32f10x_md_vl.o(.text) for Reset_Handler
    startup_stm32f10x_md_vl.o(RESET) refers to delay.o(i.SysTick_Handler) for SysTick_Handler
    startup_stm32f10x_md_vl.o(.text) refers (Special) to heapauxi.o(.text) for __use_two_region_memory
    startup_stm32f10x_md_vl.o(.text) refers to system_stm32f10x.o(i.SystemInit) for SystemInit
    startup_stm32f10x_md_vl.o(.text) refers to __main.o(!!!main) for __main
    startup_stm32f10x_md_vl.o(.text) refers to startup_stm32f10x_md_vl.o(HEAP) for Heap_Mem
    startup_stm32f10x_md_vl.o(.text) refers to startup_stm32f10x_md_vl.o(STACK) for Stack_Mem
    system_stm32f10x.o(i.SetSysClock) refers to system_stm32f10x.o(i.SetSysClockTo72) for SetSysClockTo72
    system_stm32f10x.o(i.SystemCoreClockUpdate) refers to system_stm32f10x.o(.data) for SystemCoreClock
    system_stm32f10x.o(i.SystemInit) refers to system_stm32f10x.o(i.SetSysClock) for SetSysClock
    main.o(i.jumpToMainApp) refers to core_cm3.o(.emb_text) for __set_MSP
    main.o(i.main) refers to flash.o(i.flashUnlock) for flashUnlock
    main.o(i.main) refers to flash.o(i.flashRead) for flashRead
    main.o(i.main) refers to flash.o(i.flashLock) for flashLock
    main.o(i.main) refers to main.o(i.jumpToMainApp) for jumpToMainApp
    main.o(i.main) refers to delay.o(i.delayInit) for delayInit
    main.o(i.main) refers to net.o(i.netInit) for netInit
    main.o(i.main) refers to delay.o(i.delay_ms) for delay_ms
    main.o(i.main) refers to tcp.o(i.tcpCreate) for tcpCreate
    main.o(i.main) refers to tcp.o(i.tcpListen) for tcpListen
    main.o(i.main) refers to net.o(i.netPool) for netPool
    main.o(i.main) refers to tcp.o(i.tcpRead) for tcpRead
    main.o(i.main) refers to memcmp.o(.text) for memcmp
    main.o(i.main) refers to rt_memcpy_v6.o(.text) for __aeabi_memcpy
    main.o(i.main) refers to flash.o(i.flashPageErase) for flashPageErase
    main.o(i.main) refers to lludivv7m.o(.text) for __aeabi_uldivmod
    main.o(i.main) refers to tcp.o(i.tcpSendData) for tcpSendData
    main.o(i.main) refers to main.o(i.toApplMode) for toApplMode
    main.o(i.main) refers to flash.o(i.flashWriteData) for flashWriteData
    main.o(i.main) refers to tcp.o(i.getTcpStatus) for getTcpStatus
    main.o(i.main) refers to tcp.o(i.tcpClose) for tcpClose
    main.o(i.main) refers to main.o(.constdata) for .constdata
    main.o(i.main) refers to main.o(.data) for tcpId
    main.o(i.main) refers to main.o(.bss) for frameBuff
    main.o(i.toApplMode) refers to flash.o(i.flashRead) for flashRead
    main.o(i.toApplMode) refers to flash.o(i.flashUnlock) for flashUnlock
    main.o(i.toApplMode) refers to flash.o(i.flashPageErase) for flashPageErase
    main.o(i.toApplMode) refers to flash.o(i.flashWriteData) for flashWriteData
    main.o(i.toApplMode) refers to flash.o(i.flashLock) for flashLock
    main.o(i.toApplMode) refers to tcp.o(i.tcpSendData) for tcpSendData
    main.o(i.toApplMode) refers to main.o(.data) for tcpId
    arp.o(i.arpAdd) refers to arp.o(i.arpTableSearch) for arpTableSearch
    arp.o(i.arpAdd) refers to arp.o(.data) for arpPointer
    arp.o(i.arpAdd) refers to arp.o(.bss) for arpTbl
    arp.o(i.arpFilter) refers to memcmp.o(.text) for memcmp
    arp.o(i.arpFilter) refers to arp.o(i.arpAdd) for arpAdd
    arp.o(i.arpFilter) refers to net.o(i.ethSend) for ethSend
    arp.o(i.arpFilter) refers to net.o(.data) for ipaddr
    arp.o(i.arpFilter) refers to enc28j60.o(.data) for macaddr
    arp.o(i.arpResolve) refers to arp.o(i.arpTableSearch) for arpTableSearch
    arp.o(i.arpResolve) refers to net.o(i.ethSend) for ethSend
    arp.o(i.arpResolve) refers to net.o(.bss) for netBuf
    arp.o(i.arpResolve) refers to net.o(.data) for ipaddr
    arp.o(i.arpResolve) refers to enc28j60.o(.data) for macaddr
    arp.o(i.arpResolve) refers to arp.o(.data) for arpRequestMac
    arp.o(i.arpTableSearch) refers to memcmp.o(.text) for memcmp
    arp.o(i.arpTableSearch) refers to arp.o(.bss) for arpTbl
    delay.o(i.SysTick_Handler) refers to delay.o(i.timingDelayDecrement) for timingDelayDecrement
    delay.o(i.delay_ms) refers to delay.o(.data) for TimingDelay
    delay.o(i.timingDelayDecrement) refers to delay.o(.data) for TimingDelay
    enc28j60.o(i.enc28j60Init) refers to enc28j60.o(i.enc28j60WriteOp) for enc28j60WriteOp
    enc28j60.o(i.enc28j60Init) refers to delay.o(i.delay_ms) for delay_ms
    enc28j60.o(i.enc28j60Init) refers to enc28j60.o(i.enc28j60ReadOp) for enc28j60ReadOp
    enc28j60.o(i.enc28j60Init) refers to enc28j60.o(i.enc28j60WriteReg) for enc28j60WriteReg
    enc28j60.o(i.enc28j60Init) refers to enc28j60.o(i.enc28j60ReadRegByte) for enc28j60ReadRegByte
    enc28j60.o(i.enc28j60Init) refers to enc28j60.o(i.enc28j60WriteRegByte) for enc28j60WriteRegByte
    enc28j60.o(i.enc28j60Init) refers to enc28j60.o(i.enc28j60WritePhy) for enc28j60WritePhy
    enc28j60.o(i.enc28j60Init) refers to enc28j60.o(i.enc28j60SetBank) for enc28j60SetBank
    enc28j60.o(i.enc28j60Init) refers to enc28j60.o(.data) for macaddr
    enc28j60.o(i.enc28j60PacketReceive) refers to enc28j60.o(i.enc28j60ReadRegByte) for enc28j60ReadRegByte
    enc28j60.o(i.enc28j60PacketReceive) refers to enc28j60.o(i.enc28j60WriteReg) for enc28j60WriteReg
    enc28j60.o(i.enc28j60PacketReceive) refers to enc28j60.o(i.enc28j60ReadBuf) for enc28j60ReadBuf
    enc28j60.o(i.enc28j60PacketReceive) refers to enc28j60.o(i.enc28j60WriteOp) for enc28j60WriteOp
    enc28j60.o(i.enc28j60PacketReceive) refers to enc28j60.o(.data) for gNextPacketPtr
    enc28j60.o(i.enc28j60PacketSend) refers to enc28j60.o(i.enc28j60WriteOp) for enc28j60WriteOp
    enc28j60.o(i.enc28j60PacketSend) refers to enc28j60.o(i.enc28j60ReadOp) for enc28j60ReadOp
    enc28j60.o(i.enc28j60PacketSend) refers to enc28j60.o(i.enc28j60WriteReg) for enc28j60WriteReg
    enc28j60.o(i.enc28j60PacketSend) refers to enc28j60.o(i.enc28j60WriteBuf) for enc28j60WriteBuf
    enc28j60.o(i.enc28j60PacketSend) refers to delay.o(i.delay_ms) for delay_ms
    enc28j60.o(i.enc28j60ReadBuf) refers to enc28j60.o(i.spiTransmit) for spiTransmit
    enc28j60.o(i.enc28j60ReadBuf) refers to enc28j60.o(i.spiTranmittRecive) for spiTranmittRecive
    enc28j60.o(i.enc28j60ReadOp) refers to enc28j60.o(i.spiTransmit) for spiTransmit
    enc28j60.o(i.enc28j60ReadOp) refers to enc28j60.o(i.spiRecive) for spiRecive
    enc28j60.o(i.enc28j60ReadRegByte) refers to enc28j60.o(i.enc28j60SetBank) for enc28j60SetBank
    enc28j60.o(i.enc28j60ReadRegByte) refers to enc28j60.o(i.enc28j60ReadOp) for enc28j60ReadOp
    enc28j60.o(i.enc28j60SetBank) refers to enc28j60.o(i.enc28j60WriteOp) for enc28j60WriteOp
    enc28j60.o(i.enc28j60SetBank) refers to enc28j60.o(.data) for Enc28j60Bank
    enc28j60.o(i.enc28j60WriteBuf) refers to enc28j60.o(i.spiTransmit) for spiTransmit
    enc28j60.o(i.enc28j60WriteOp) refers to enc28j60.o(i.spiTransmit) for spiTransmit
    enc28j60.o(i.enc28j60WritePhy) refers to enc28j60.o(i.enc28j60WriteRegByte) for enc28j60WriteRegByte
    enc28j60.o(i.enc28j60WritePhy) refers to enc28j60.o(i.enc28j60WriteReg) for enc28j60WriteReg
    enc28j60.o(i.enc28j60WritePhy) refers to enc28j60.o(i.enc28j60ReadRegByte) for enc28j60ReadRegByte
    enc28j60.o(i.enc28j60WriteReg) refers to enc28j60.o(i.enc28j60WriteRegByte) for enc28j60WriteRegByte
    enc28j60.o(i.enc28j60WriteRegByte) refers to enc28j60.o(i.enc28j60SetBank) for enc28j60SetBank
    enc28j60.o(i.enc28j60WriteRegByte) refers to enc28j60.o(i.enc28j60WriteOp) for enc28j60WriteOp
    enc28j60.o(i.spiRecive) refers to enc28j60.o(i.spiTranmittRecive) for spiTranmittRecive
    enc28j60.o(i.spiTransmit) refers to enc28j60.o(i.spiTranmittRecive) for spiTranmittRecive
    net.o(i.ethReSend) refers to enc28j60.o(i.enc28j60PacketSend) for enc28j60PacketSend
    net.o(i.ethReSend) refers to enc28j60.o(.data) for macaddr
    net.o(i.ethRead) refers to arp.o(i.arpFilter) for arpFilter
    net.o(i.ethRead) refers to net.o(i.ipRead) for ipRead
    net.o(i.ethSend) refers to enc28j60.o(i.enc28j60PacketSend) for enc28j60PacketSend
    net.o(i.icmpRead) refers to net.o(i.checksum) for checksum
    net.o(i.icmpRead) refers to net.o(i.ipReSend) for ipReSend
    net.o(i.ipReSend) refers to net.o(i.checksum) for checksum
    net.o(i.ipReSend) refers to net.o(i.ethReSend) for ethReSend
    net.o(i.ipReSend) refers to net.o(.data) for ipaddr
    net.o(i.ipRead) refers to memcmp.o(.text) for memcmp
    net.o(i.ipRead) refers to net.o(i.icmpRead) for icmpRead
    net.o(i.ipRead) refers to tcp.o(i.tcpPool) for tcpPool
    net.o(i.ipRead) refers to net.o(.data) for ipaddr
    net.o(i.ipSend) refers to arp.o(i.arpResolve) for arpResolve
    net.o(i.ipSend) refers to net.o(i.checksum) for checksum
    net.o(i.ipSend) refers to net.o(i.ethSend) for ethSend
    net.o(i.ipSend) refers to net.o(.data) for ipaddr
    net.o(i.ipSend) refers to enc28j60.o(.data) for macaddr
    net.o(i.netInit) refers to enc28j60.o(i.spi1Init) for spi1Init
    net.o(i.netInit) refers to enc28j60.o(i.enc28j60Init) for enc28j60Init
    net.o(i.netPool) refers to enc28j60.o(i.enc28j60PacketReceive) for enc28j60PacketReceive
    net.o(i.netPool) refers to net.o(i.ethRead) for ethRead
    net.o(i.netPool) refers to net.o(.bss) for netBuf
    tcp.o(i.getTcpStatus) refers to tcp.o(.bss) for tcpStateConn
    tcp.o(i.tcpClose) refers to net.o(i.checksum) for checksum
    tcp.o(i.tcpClose) refers to net.o(i.ipSend) for ipSend
    tcp.o(i.tcpClose) refers to net.o(.bss) for netBuf
    tcp.o(i.tcpClose) refers to tcp.o(.bss) for tcpStateConn
    tcp.o(i.tcpCreate) refers to rand.o(.emb_text) for rand
    tcp.o(i.tcpCreate) refers to tcp.o(.bss) for tcpStateConn
    tcp.o(i.tcpFilter) refers to rand.o(.emb_text) for rand
    tcp.o(i.tcpFilter) refers to net.o(i.checksum) for checksum
    tcp.o(i.tcpFilter) refers to arp.o(i.arpAdd) for arpAdd
    tcp.o(i.tcpFilter) refers to net.o(i.ipSend) for ipSend
    tcp.o(i.tcpFilter) refers to tcp.o(.bss) for tcpStateConn
    tcp.o(i.tcpFilter) refers to tcp.o(.data) for numSeg
    tcp.o(i.tcpListen) refers to tcp.o(.bss) for tcpStateConn
    tcp.o(i.tcpPool) refers to tcp.o(i.tcpFilter) for tcpFilter
    tcp.o(i.tcpPool) refers to tcp.o(.bss) for tcpStateConn
    tcp.o(i.tcpRead) refers to tcp.o(.bss) for tcpStateConn
    tcp.o(i.tcpSendData) refers to rt_memcpy_v6.o(.text) for __aeabi_memcpy
    tcp.o(i.tcpSendData) refers to net.o(i.checksum) for checksum
    tcp.o(i.tcpSendData) refers to net.o(i.ipSend) for ipSend
    tcp.o(i.tcpSendData) refers to net.o(.bss) for netBuf
    tcp.o(i.tcpSendData) refers to tcp.o(.bss) for tcpStateConn
    uart.o(i.uart1Printf) refers to uart.o(i.uart1Transmitt) for uart1Transmitt
    uart.o(i.uart1ReciveString) refers to uart.o(i.uart1Recive) for uart1Recive
    udp.o(i.udpRead) refers to uart.o(i.uart1Printf) for uart1Printf
    udp.o(i.udpRead) refers to udp.o(i.udpReply) for udpReply
    udp.o(i.udpReply) refers to arp.o(i.arpAdd) for arpAdd
    udp.o(i.udpReply) refers to udp.o(i.udpSend) for udpSend
    udp.o(i.udpSend) refers to rt_memcpy_v6.o(.text) for __aeabi_memcpy
    udp.o(i.udpSend) refers to net.o(i.ipSend) for ipSend
    udp.o(i.udpSend) refers to net.o(.bss) for netBuf
    rand.o(.emb_text) refers (Special) to libinit2.o(.ARM.Collect$$libinit$$0000000D) for __rt_lib_init_rand_2
    rand.o(.emb_text) refers to rand.o(.text) for _rand_init
    rand.o(.emb_text) refers to rand.o(.bss) for _random_number_data
    rand.o(.text) refers (Special) to libinit2.o(.ARM.Collect$$libinit$$0000000D) for __rt_lib_init_rand_2
    rand.o(.text) refers to rand.o(.bss) for .bss
    rand.o(.bss) refers (Special) to libinit2.o(.ARM.Collect$$libinit$$0000000D) for __rt_lib_init_rand_2
    rt_memcpy_v6.o(.text) refers to rt_memcpy_w.o(.text) for __aeabi_memcpy4
    __main.o(!!!main) refers to __rtentry.o(.ARM.Collect$$rtentry$$00000000) for __rt_entry
    __rtentry.o(.ARM.Collect$$rtentry$$00000000) refers (Special) to __rtentry2.o(.ARM.Collect$$rtentry$$0000000A) for __rt_entry_li
    __rtentry.o(.ARM.Collect$$rtentry$$00000000) refers (Special) to __rtentry2.o(.ARM.Collect$$rtentry$$0000000D) for __rt_entry_main
    __rtentry.o(.ARM.Collect$$rtentry$$00000000) refers (Special) to __rtentry2.o(.ARM.Collect$$rtentry$$0000000C) for __rt_entry_postli_1
    __rtentry.o(.ARM.Collect$$rtentry$$00000000) refers (Special) to __rtentry2.o(.ARM.Collect$$rtentry$$00000009) for __rt_entry_postsh_1
    __rtentry.o(.ARM.Collect$$rtentry$$00000000) refers (Special) to __rtentry2.o(.ARM.Collect$$rtentry$$00000002) for __rt_entry_presh_1
    __rtentry.o(.ARM.Collect$$rtentry$$00000000) refers (Special) to __rtentry4.o(.ARM.Collect$$rtentry$$00000004) for __rt_entry_sh
    aeabi_ldiv0_sigfpe.o(.text) refers to rt_div0.o(.text) for __rt_div0
    libinit2.o(.ARM.Collect$$libinit$$0000000D) refers (Weak) to rand.o(.text) for _rand_init
    libinit2.o(.ARM.Collect$$libinit$$00000010) refers to libinit2.o(.ARM.Collect$$libinit$$0000000F) for .ARM.Collect$$libinit$$0000000F
    libinit2.o(.ARM.Collect$$libinit$$00000012) refers to libinit2.o(.ARM.Collect$$libinit$$0000000F) for .ARM.Collect$$libinit$$0000000F
    libinit2.o(.ARM.Collect$$libinit$$00000014) refers to libinit2.o(.ARM.Collect$$libinit$$0000000F) for .ARM.Collect$$libinit$$0000000F
    libinit2.o(.ARM.Collect$$libinit$$00000016) refers to libinit2.o(.ARM.Collect$$libinit$$0000000F) for .ARM.Collect$$libinit$$0000000F
    libinit2.o(.ARM.Collect$$libinit$$00000018) refers to libinit2.o(.ARM.Collect$$libinit$$0000000F) for .ARM.Collect$$libinit$$0000000F
    libinit2.o(.ARM.Collect$$libinit$$00000026) refers to argv_veneer.o(.emb_text) for __ARM_argv_veneer
    libinit2.o(.ARM.Collect$$libinit$$00000027) refers to argv_veneer.o(.emb_text) for __ARM_argv_veneer
    __rtentry2.o(.ARM.Collect$$rtentry$$00000008) refers to boardinit2.o(.text) for _platform_post_stackheap_init
    __rtentry2.o(.ARM.Collect$$rtentry$$0000000A) refers to libinit.o(.ARM.Collect$$libinit$$00000000) for __rt_lib_init
    __rtentry2.o(.ARM.Collect$$rtentry$$0000000B) refers to boardinit3.o(.text) for _platform_post_lib_init
    __rtentry2.o(.ARM.Collect$$rtentry$$0000000D) refers to main.o(i.main) for main
    __rtentry2.o(.ARM.Collect$$rtentry$$0000000D) refers to exit.o(.text) for exit
    __rtentry2.o(.ARM.exidx) refers to __rtentry2.o(.ARM.Collect$$rtentry$$00000001) for .ARM.Collect$$rtentry$$00000001
    __rtentry2.o(.ARM.exidx) refers to __rtentry2.o(.ARM.Collect$$rtentry$$00000008) for .ARM.Collect$$rtentry$$00000008
    __rtentry2.o(.ARM.exidx) refers to __rtentry2.o(.ARM.Collect$$rtentry$$0000000A) for .ARM.Collect$$rtentry$$0000000A
    __rtentry2.o(.ARM.exidx) refers to __rtentry2.o(.ARM.Collect$$rtentry$$0000000B) for .ARM.Collect$$rtentry$$0000000B
    __rtentry2.o(.ARM.exidx) refers to __rtentry2.o(.ARM.Collect$$rtentry$$0000000D) for .ARM.Collect$$rtentry$$0000000D
    __rtentry4.o(.ARM.Collect$$rtentry$$00000004) refers to sys_stackheap_outer.o(.text) for __user_setup_stackheap
    __rtentry4.o(.ARM.exidx) refers to __rtentry4.o(.ARM.Collect$$rtentry$$00000004) for .ARM.Collect$$rtentry$$00000004
    rt_div0.o(.text) refers to defsig_fpe_outer.o(.text) for __rt_SIGFPE
    argv_veneer.o(.emb_text) refers to no_argv.o(.text) for __ARM_get_argv
    sys_stackheap_outer.o(.text) refers to libspace.o(.text) for __user_perproc_libspace
    sys_stackheap_outer.o(.text) refers to startup_stm32f10x_md_vl.o(.text) for __user_initial_stackheap
    exit.o(.text) refers to rtexit.o(.ARM.Collect$$rtexit$$00000000) for __rt_exit
    defsig_fpe_outer.o(.text) refers to defsig_fpe_inner.o(.text) for __rt_SIGFPE_inner
    defsig_fpe_outer.o(.text) refers to defsig_exit.o(.text) for __sig_exit
    defsig_fpe_formal.o(.text) refers to rt_raise.o(.text) for __rt_raise
    _get_argv_nomalloc.o(.text) refers (Special) to hrguard.o(.text) for __heap_region$guard
    _get_argv_nomalloc.o(.text) refers to defsig_rtmem_outer.o(.text) for __rt_SIGRTMEM
    _get_argv_nomalloc.o(.text) refers to sys_command.o(.text) for _sys_command_string
    libinit.o(.ARM.Collect$$libinit$$00000000) refers (Special) to libinit2.o(.ARM.Collect$$libinit$$0000002E) for __rt_lib_init_alloca_1
    libinit.o(.ARM.Collect$$libinit$$00000000) refers (Special) to libinit2.o(.ARM.Collect$$libinit$$0000002C) for __rt_lib_init_argv_1
    libinit.o(.ARM.Collect$$libinit$$00000000) refers (Special) to libinit2.o(.ARM.Collect$$libinit$$0000001B) for __rt_lib_init_atexit_1
    libinit.o(.ARM.Collect$$libinit$$00000000) refers (Special) to libinit2.o(.ARM.Collect$$libinit$$00000021) for __rt_lib_init_clock_1
    libinit.o(.ARM.Collect$$libinit$$00000000) refers (Special) to libinit2.o(.ARM.Collect$$libinit$$00000032) for __rt_lib_init_cpp_1
    libinit.o(.ARM.Collect$$libinit$$00000000) refers (Special) to libinit2.o(.ARM.Collect$$libinit$$00000030) for __rt_lib_init_exceptions_1
    libinit.o(.ARM.Collect$$libinit$$00000000) refers (Special) to libinit2.o(.ARM.Collect$$libinit$$00000002) for __rt_lib_init_fp_1
    libinit.o(.ARM.Collect$$libinit$$00000000) refers (Special) to libinit2.o(.ARM.Collect$$libinit$$0000001F) for __rt_lib_init_fp_trap_1
    libinit.o(.ARM.Collect$$libinit$$00000000) refers (Special) to libinit2.o(.ARM.Collect$$libinit$$00000023) for __rt_lib_init_getenv_1
    libinit.o(.ARM.Collect$$libinit$$00000000) refers (Special) to libinit2.o(.ARM.Collect$$libinit$$0000000A) for __rt_lib_init_heap_1
    libinit.o(.ARM.Collect$$libinit$$00000000) refers (Special) to libinit2.o(.ARM.Collect$$libinit$$00000011) for __rt_lib_init_lc_collate_1
    libinit.o(.ARM.Collect$$libinit$$00000000) refers (Special) to libinit2.o(.ARM.Collect$$libinit$$00000013) for __rt_lib_init_lc_ctype_1
    libinit.o(.ARM.Collect$$libinit$$00000000) refers (Special) to libinit2.o(.ARM.Collect$$libinit$$00000015) for __rt_lib_init_lc_monetary_1
    libinit.o(.ARM.Collect$$libinit$$00000000) refers (Special) to libinit2.o(.ARM.Collect$$libinit$$00000017) for __rt_lib_init_lc_numeric_1
    libinit.o(.ARM.Collect$$libinit$$00000000) refers (Special) to libinit2.o(.ARM.Collect$$libinit$$00000019) for __rt_lib_init_lc_time_1
    libinit.o(.ARM.Collect$$libinit$$00000000) refers (Special) to libinit2.o(.ARM.Collect$$libinit$$00000004) for __rt_lib_init_preinit_1
    libinit.o(.ARM.Collect$$libinit$$00000000) refers (Special) to libinit2.o(.ARM.Collect$$libinit$$0000000E) for __rt_lib_init_rand_1
    libinit.o(.ARM.Collect$$libinit$$00000000) refers (Special) to libinit2.o(.ARM.Collect$$libinit$$00000033) for __rt_lib_init_return
    libinit.o(.ARM.Collect$$libinit$$00000000) refers (Special) to libinit2.o(.ARM.Collect$$libinit$$0000001D) for __rt_lib_init_signal_1
    libinit.o(.ARM.Collect$$libinit$$00000000) refers (Special) to libinit2.o(.ARM.Collect$$libinit$$00000025) for __rt_lib_init_stdio_1
    libinit.o(.ARM.Collect$$libinit$$00000000) refers (Special) to libinit2.o(.ARM.Collect$$libinit$$0000000C) for __rt_lib_init_user_alloc_1
    sys_command.o(.text) refers (Special) to use_no_semi.o(.text) for __I$use$semihosting
    sys_command.o(.text) refers (Special) to indicate_semi.o(.text) for __semihosting_library_function
    libspace.o(.text) refers to libspace.o(.bss) for __libspace_start
    rtexit.o(.ARM.Collect$$rtexit$$00000000) refers (Special) to rtexit2.o(.ARM.Collect$$rtexit$$00000004) for __rt_exit_exit
    rtexit.o(.ARM.Collect$$rtexit$$00000000) refers (Special) to rtexit2.o(.ARM.Collect$$rtexit$$00000003) for __rt_exit_ls
    rtexit.o(.ARM.Collect$$rtexit$$00000000) refers (Special) to rtexit2.o(.ARM.Collect$$rtexit$$00000002) for __rt_exit_prels_1
    rtexit.o(.ARM.exidx) refers (Special) to rtexit2.o(.ARM.Collect$$rtexit$$00000004) for __rt_exit_exit
    rtexit.o(.ARM.exidx) refers (Special) to rtexit2.o(.ARM.Collect$$rtexit$$00000003) for __rt_exit_ls
    rtexit.o(.ARM.exidx) refers (Special) to rtexit2.o(.ARM.Collect$$rtexit$$00000002) for __rt_exit_prels_1
    rtexit.o(.ARM.exidx) refers to rtexit.o(.ARM.Collect$$rtexit$$00000000) for .ARM.Collect$$rtexit$$00000000
    rt_raise.o(.text) refers to __raise.o(.text) for __raise
    rt_raise.o(.text) refers to sys_exit.o(.text) for _sys_exit
    defsig_exit.o(.text) refers to sys_exit.o(.text) for _sys_exit
    defsig_fpe_inner.o(.text) refers to defsig_general.o(.text) for __default_signal_display
    defsig_rtmem_outer.o(.text) refers to defsig_rtmem_inner.o(.text) for __rt_SIGRTMEM_inner
    defsig_rtmem_outer.o(.text) refers to defsig_exit.o(.text) for __sig_exit
    defsig_rtmem_formal.o(.text) refers to rt_raise.o(.text) for __rt_raise
    sys_exit.o(.text) refers (Special) to use_no_semi.o(.text) for __I$use$semihosting
    sys_exit.o(.text) refers (Special) to indicate_semi.o(.text) for __semihosting_library_function
    rtexit2.o(.ARM.Collect$$rtexit$$00000003) refers to libshutdown.o(.ARM.Collect$$libshutdown$$00000000) for __rt_lib_shutdown
    rtexit2.o(.ARM.Collect$$rtexit$$00000004) refers to sys_exit.o(.text) for _sys_exit
    rtexit2.o(.ARM.exidx) refers to rtexit2.o(.ARM.Collect$$rtexit$$00000001) for .ARM.Collect$$rtexit$$00000001
    rtexit2.o(.ARM.exidx) refers to rtexit2.o(.ARM.Collect$$rtexit$$00000003) for .ARM.Collect$$rtexit$$00000003
    rtexit2.o(.ARM.exidx) refers to rtexit2.o(.ARM.Collect$$rtexit$$00000004) for .ARM.Collect$$rtexit$$00000004
    __raise.o(.text) refers to defsig.o(CL$$defsig) for __default_signal_handler
    defsig_general.o(.text) refers to sys_wrch.o(.text) for _ttywrch
    defsig_rtmem_inner.o(.text) refers to defsig_general.o(.text) for __default_signal_display
    sys_wrch.o(.text) refers (Special) to use_no_semi.o(.text) for __I$use$semihosting
    sys_wrch.o(.text) refers (Special) to indicate_semi.o(.text) for __semihosting_library_function
    defsig.o(CL$$defsig) refers to defsig_fpe_inner.o(.text) for __rt_SIGFPE_inner
    defsig.o(CL$$defsig) refers to defsig_rtmem_inner.o(.text) for __rt_SIGRTMEM_inner
    libshutdown.o(.ARM.Collect$$libshutdown$$00000000) refers (Special) to libshutdown2.o(.ARM.Collect$$libshutdown$$00000002) for __rt_lib_shutdown_cpp_1
    libshutdown.o(.ARM.Collect$$libshutdown$$00000000) refers (Special) to libshutdown2.o(.ARM.Collect$$libshutdown$$00000007) for __rt_lib_shutdown_fp_trap_1
    libshutdown.o(.ARM.Collect$$libshutdown$$00000000) refers (Special) to libshutdown2.o(.ARM.Collect$$libshutdown$$0000000F) for __rt_lib_shutdown_heap_1
    libshutdown.o(.ARM.Collect$$libshutdown$$00000000) refers (Special) to libshutdown2.o(.ARM.Collect$$libshutdown$$00000010) for __rt_lib_shutdown_return
    libshutdown.o(.ARM.Collect$$libshutdown$$00000000) refers (Special) to libshutdown2.o(.ARM.Collect$$libshutdown$$0000000A) for __rt_lib_shutdown_signal_1
    libshutdown.o(.ARM.Collect$$libshutdown$$00000000) refers (Special) to libshutdown2.o(.ARM.Collect$$libshutdown$$00000004) for __rt_lib_shutdown_stdio_1
    libshutdown.o(.ARM.Collect$$libshutdown$$00000000) refers (Special) to libshutdown2.o(.ARM.Collect$$libshutdown$$0000000C) for __rt_lib_shutdown_user_alloc_1
    defsig_abrt_inner.o(.text) refers to defsig_general.o(.text) for __default_signal_display
    defsig_rtred_inner.o(.text) refers to defsig_general.o(.text) for __default_signal_display
    defsig_stak_inner.o(.text) refers to defsig_general.o(.text) for __default_signal_display
    defsig_pvfn_inner.o(.text) refers to defsig_general.o(.text) for __default_signal_display
    defsig_cppl_inner.o(.text) refers to defsig_general.o(.text) for __default_signal_display
    defsig_segv_inner.o(.text) refers to defsig_general.o(.text) for __default_signal_display
    defsig_other.o(.text) refers to defsig_general.o(.text) for __default_signal_display


==============================================================================

Removing Unused input sections from the image.

    Removing system_stm32f10x.o(i.SystemCoreClockUpdate), (164 bytes).
    Removing system_stm32f10x.o(.data), (20 bytes).
    Removing rcc.o(i.RccClockInit), (220 bytes).
    Removing uart.o(i.uart1Init), (148 bytes).
    Removing uart.o(i.uart1Printf), (22 bytes).
    Removing uart.o(i.uart1Recive), (28 bytes).
    Removing uart.o(i.uart1ReciveString), (40 bytes).
    Removing uart.o(i.uart1Transmitt), (28 bytes).
    Removing udp.o(i.udpRead), (48 bytes).
    Removing udp.o(i.udpReply), (88 bytes).
    Removing udp.o(i.udpSend), (128 bytes).
    Removing udp.o(.bss), (80 bytes).
    Removing udp.o(.data), (4 bytes).

13 unused section(s) (total 1018 bytes) removed from the image.

==============================================================================

Image Symbol Table

    Local Symbols

    Symbol Name                              Value     Ov Type        Size  Object(Section)

    ../clib/angel/boardlib.s                 0x00000000   Number         0  boardinit1.o ABSOLUTE
    ../clib/angel/boardlib.s                 0x00000000   Number         0  boardinit2.o ABSOLUTE
    ../clib/angel/boardlib.s                 0x00000000   Number         0  boardinit3.o ABSOLUTE
    ../clib/angel/boardlib.s                 0x00000000   Number         0  boardshut.o ABSOLUTE
    ../clib/angel/handlers.s                 0x00000000   Number         0  __scatter_copy.o ABSOLUTE
    ../clib/angel/handlers.s                 0x00000000   Number         0  __scatter_zi.o ABSOLUTE
    ../clib/angel/kernel.s                   0x00000000   Number         0  rtexit.o ABSOLUTE
    ../clib/angel/kernel.s                   0x00000000   Number         0  __rtentry2.o ABSOLUTE
    ../clib/angel/kernel.s                   0x00000000   Number         0  __rtentry4.o ABSOLUTE
    ../clib/angel/kernel.s                   0x00000000   Number         0  __rtentry.o ABSOLUTE
    ../clib/angel/kernel.s                   0x00000000   Number         0  rtexit2.o ABSOLUTE
    ../clib/angel/rt.s                       0x00000000   Number         0  aeabi_ldiv0_sigfpe.o ABSOLUTE
    ../clib/angel/rt.s                       0x00000000   Number         0  rt_raise.o ABSOLUTE
    ../clib/angel/rt.s                       0x00000000   Number         0  rt_div0.o ABSOLUTE
    ../clib/angel/rt.s                       0x00000000   Number         0  aeabi_ldiv0.o ABSOLUTE
    ../clib/angel/scatter.s                  0x00000000   Number         0  __scatter.o ABSOLUTE
    ../clib/angel/startup.s                  0x00000000   Number         0  __main.o ABSOLUTE
    ../clib/angel/sys.s                      0x00000000   Number         0  use_no_semi.o ABSOLUTE
    ../clib/angel/sys.s                      0x00000000   Number         0  libspace.o ABSOLUTE
    ../clib/angel/sys.s                      0x00000000   Number         0  indicate_semi.o ABSOLUTE
    ../clib/angel/sys.s                      0x00000000   Number         0  sys_stackheap_outer.o ABSOLUTE
    ../clib/angel/sysapp.c                   0x00000000   Number         0  sys_wrch.o ABSOLUTE
    ../clib/angel/sysapp.c                   0x00000000   Number         0  sys_command.o ABSOLUTE
    ../clib/angel/sysapp.c                   0x00000000   Number         0  sys_exit.o ABSOLUTE
    ../clib/armsys.c                         0x00000000   Number         0  no_argv.o ABSOLUTE
    ../clib/armsys.c                         0x00000000   Number         0  argv_veneer.o ABSOLUTE
    ../clib/armsys.c                         0x00000000   Number         0  argv_veneer.o ABSOLUTE
    ../clib/armsys.c                         0x00000000   Number         0  _get_argv_nomalloc.o ABSOLUTE
    ../clib/heapalloc.c                      0x00000000   Number         0  hrguard.o ABSOLUTE
    ../clib/heapaux.c                        0x00000000   Number         0  heapauxi.o ABSOLUTE
    ../clib/libinit.s                        0x00000000   Number         0  libinit.o ABSOLUTE
    ../clib/libinit.s                        0x00000000   Number         0  libshutdown2.o ABSOLUTE
    ../clib/libinit.s                        0x00000000   Number         0  libshutdown.o ABSOLUTE
    ../clib/libinit.s                        0x00000000   Number         0  libinit2.o ABSOLUTE
    ../clib/longlong.s                       0x00000000   Number         0  lludivv7m.o ABSOLUTE
    ../clib/memcpset.s                       0x00000000   Number         0  rt_memcpy_v6.o ABSOLUTE
    ../clib/memcpset.s                       0x00000000   Number         0  rt_memcpy_w.o ABSOLUTE
    ../clib/signal.c                         0x00000000   Number         0  defsig_exit.o ABSOLUTE
    ../clib/signal.c                         0x00000000   Number         0  defsig_rtmem_inner.o ABSOLUTE
    ../clib/signal.c                         0x00000000   Number         0  defsig_other.o ABSOLUTE
    ../clib/signal.c                         0x00000000   Number         0  defsig_cppl_inner.o ABSOLUTE
    ../clib/signal.c                         0x00000000   Number         0  defsig_pvfn_inner.o ABSOLUTE
    ../clib/signal.c                         0x00000000   Number         0  defsig_stak_inner.o ABSOLUTE
    ../clib/signal.c                         0x00000000   Number         0  defsig_rtred_inner.o ABSOLUTE
    ../clib/signal.c                         0x00000000   Number         0  defsig_rtmem_formal.o ABSOLUTE
    ../clib/signal.c                         0x00000000   Number         0  defsig_rtmem_outer.o ABSOLUTE
    ../clib/signal.c                         0x00000000   Number         0  defsig_fpe_inner.o ABSOLUTE
    ../clib/signal.c                         0x00000000   Number         0  defsig_fpe_formal.o ABSOLUTE
    ../clib/signal.c                         0x00000000   Number         0  defsig_fpe_outer.o ABSOLUTE
    ../clib/signal.c                         0x00000000   Number         0  defsig_segv_inner.o ABSOLUTE
    ../clib/signal.c                         0x00000000   Number         0  __raise.o ABSOLUTE
    ../clib/signal.c                         0x00000000   Number         0  defsig_general.o ABSOLUTE
    ../clib/signal.c                         0x00000000   Number         0  defsig_abrt_inner.o ABSOLUTE
    ../clib/signal.s                         0x00000000   Number         0  defsig.o ABSOLUTE
    ../clib/stdlib.c                         0x00000000   Number         0  rand.o ABSOLUTE
    ../clib/stdlib.c                         0x00000000   Number         0  exit.o ABSOLUTE
    ../clib/stdlib.c                         0x00000000   Number         0  rand.o ABSOLUTE
    ../clib/string.c                         0x00000000   Number         0  memcmp.o ABSOLUTE
    ../fplib/fpinit.s                        0x00000000   Number         0  fpinit.o ABSOLUTE
    CMSIS\\src\\core_cm3.c                   0x00000000   Number         0  core_cm3.o ABSOLUTE
    CMSIS\src\core_cm3.c                     0x00000000   Number         0  core_cm3.o ABSOLUTE
    CMSIS\src\system_stm32f10x.c             0x00000000   Number         0  system_stm32f10x.o ABSOLUTE
    Code\src\main.c                          0x00000000   Number         0  main.o ABSOLUTE
    Startup\startup_stm32f10x_md_vl.s        0x00000000   Number         0  startup_stm32f10x_md_vl.o ABSOLUTE
    dc.s                                     0x00000000   Number         0  dc.o ABSOLUTE
    lib\src\arp.c                            0x00000000   Number         0  arp.o ABSOLUTE
    lib\src\delay.c                          0x00000000   Number         0  delay.o ABSOLUTE
    lib\src\enc28j60.c                       0x00000000   Number         0  enc28j60.o ABSOLUTE
    lib\src\flash.c                          0x00000000   Number         0  flash.o ABSOLUTE
    lib\src\net.c                            0x00000000   Number         0  net.o ABSOLUTE
    lib\src\rcc.c                            0x00000000   Number         0  rcc.o ABSOLUTE
    lib\src\tcp.c                            0x00000000   Number         0  tcp.o ABSOLUTE
    lib\src\uart.c                           0x00000000   Number         0  uart.o ABSOLUTE
    lib\src\udp.c                            0x00000000   Number         0  udp.o ABSOLUTE
    RESET                                    0x08000000   Section      288  startup_stm32f10x_md_vl.o(RESET)
    !!!main                                  0x08000120   Section        8  __main.o(!!!main)
    !!!scatter                               0x08000128   Section       52  __scatter.o(!!!scatter)
    !!handler_copy                           0x0800015c   Section       26  __scatter_copy.o(!!handler_copy)
    !!handler_zi                             0x08000178   Section       28  __scatter_zi.o(!!handler_zi)
    .ARM.Collect$$libinit$$00000000          0x08000194   Section        2  libinit.o(.ARM.Collect$$libinit$$00000000)
    .ARM.Collect$$libinit$$00000002          0x08000196   Section        0  libinit2.o(.ARM.Collect$$libinit$$00000002)
    .ARM.Collect$$libinit$$00000004          0x08000196   Section        0  libinit2.o(.ARM.Collect$$libinit$$00000004)
    .ARM.Collect$$libinit$$0000000A          0x08000196   Section        0  libinit2.o(.ARM.Collect$$libinit$$0000000A)
    .ARM.Collect$$libinit$$0000000C          0x08000196   Section        0  libinit2.o(.ARM.Collect$$libinit$$0000000C)
    .ARM.Collect$$libinit$$0000000D          0x08000196   Section        4  libinit2.o(.ARM.Collect$$libinit$$0000000D)
    .ARM.Collect$$libinit$$0000000E          0x0800019a   Section        0  libinit2.o(.ARM.Collect$$libinit$$0000000E)
    .ARM.Collect$$libinit$$00000011          0x0800019a   Section        0  libinit2.o(.ARM.Collect$$libinit$$00000011)
    .ARM.Collect$$libinit$$00000013          0x0800019a   Section        0  libinit2.o(.ARM.Collect$$libinit$$00000013)
    .ARM.Collect$$libinit$$00000015          0x0800019a   Section        0  libinit2.o(.ARM.Collect$$libinit$$00000015)
    .ARM.Collect$$libinit$$00000017          0x0800019a   Section        0  libinit2.o(.ARM.Collect$$libinit$$00000017)
    .ARM.Collect$$libinit$$00000019          0x0800019a   Section        0  libinit2.o(.ARM.Collect$$libinit$$00000019)
    .ARM.Collect$$libinit$$0000001B          0x0800019a   Section        0  libinit2.o(.ARM.Collect$$libinit$$0000001B)
    .ARM.Collect$$libinit$$0000001D          0x0800019a   Section        0  libinit2.o(.ARM.Collect$$libinit$$0000001D)
    .ARM.Collect$$libinit$$0000001F          0x0800019a   Section        0  libinit2.o(.ARM.Collect$$libinit$$0000001F)
    .ARM.Collect$$libinit$$00000021          0x0800019a   Section        0  libinit2.o(.ARM.Collect$$libinit$$00000021)
    .ARM.Collect$$libinit$$00000023          0x0800019a   Section        0  libinit2.o(.ARM.Collect$$libinit$$00000023)
    .ARM.Collect$$libinit$$00000025          0x0800019a   Section        0  libinit2.o(.ARM.Collect$$libinit$$00000025)
    .ARM.Collect$$libinit$$0000002C          0x0800019a   Section        0  libinit2.o(.ARM.Collect$$libinit$$0000002C)
    .ARM.Collect$$libinit$$0000002E          0x0800019a   Section        0  libinit2.o(.ARM.Collect$$libinit$$0000002E)
    .ARM.Collect$$libinit$$00000030          0x0800019a   Section        0  libinit2.o(.ARM.Collect$$libinit$$00000030)
    .ARM.Collect$$libinit$$00000032          0x0800019a   Section        0  libinit2.o(.ARM.Collect$$libinit$$00000032)
    .ARM.Collect$$libinit$$00000033          0x0800019a   Section        2  libinit2.o(.ARM.Collect$$libinit$$00000033)
    .ARM.Collect$$libshutdown$$00000000      0x0800019c   Section        2  libshutdown.o(.ARM.Collect$$libshutdown$$00000000)
    .ARM.Collect$$libshutdown$$00000002      0x0800019e   Section        0  libshutdown2.o(.ARM.Collect$$libshutdown$$00000002)
    .ARM.Collect$$libshutdown$$00000004      0x0800019e   Section        0  libshutdown2.o(.ARM.Collect$$libshutdown$$00000004)
    .ARM.Collect$$libshutdown$$00000007      0x0800019e   Section        0  libshutdown2.o(.ARM.Collect$$libshutdown$$00000007)
    .ARM.Collect$$libshutdown$$0000000A      0x0800019e   Section        0  libshutdown2.o(.ARM.Collect$$libshutdown$$0000000A)
    .ARM.Collect$$libshutdown$$0000000C      0x0800019e   Section        0  libshutdown2.o(.ARM.Collect$$libshutdown$$0000000C)
    .ARM.Collect$$libshutdown$$0000000F      0x0800019e   Section        0  libshutdown2.o(.ARM.Collect$$libshutdown$$0000000F)
    .ARM.Collect$$libshutdown$$00000010      0x0800019e   Section        2  libshutdown2.o(.ARM.Collect$$libshutdown$$00000010)
    .ARM.Collect$$rtentry$$00000000          0x080001a0   Section        0  __rtentry.o(.ARM.Collect$$rtentry$$00000000)
    .ARM.Collect$$rtentry$$00000002          0x080001a0   Section        0  __rtentry2.o(.ARM.Collect$$rtentry$$00000002)
    .ARM.Collect$$rtentry$$00000004          0x080001a0   Section        6  __rtentry4.o(.ARM.Collect$$rtentry$$00000004)
    .ARM.Collect$$rtentry$$00000009          0x080001a6   Section        0  __rtentry2.o(.ARM.Collect$$rtentry$$00000009)
    .ARM.Collect$$rtentry$$0000000A          0x080001a6   Section        4  __rtentry2.o(.ARM.Collect$$rtentry$$0000000A)
    .ARM.Collect$$rtentry$$0000000C          0x080001aa   Section        0  __rtentry2.o(.ARM.Collect$$rtentry$$0000000C)
    .ARM.Collect$$rtentry$$0000000D          0x080001aa   Section        8  __rtentry2.o(.ARM.Collect$$rtentry$$0000000D)
    .ARM.Collect$$rtexit$$00000000           0x080001b2   Section        2  rtexit.o(.ARM.Collect$$rtexit$$00000000)
    .ARM.Collect$$rtexit$$00000002           0x080001b4   Section        0  rtexit2.o(.ARM.Collect$$rtexit$$00000002)
    .ARM.Collect$$rtexit$$00000003           0x080001b4   Section        4  rtexit2.o(.ARM.Collect$$rtexit$$00000003)
    .ARM.Collect$$rtexit$$00000004           0x080001b8   Section        6  rtexit2.o(.ARM.Collect$$rtexit$$00000004)
    .emb_text                                0x080001c0   Section       32  core_cm3.o(.emb_text)
    .emb_text                                0x080001e0   Section       52  rand.o(.emb_text)
    .text                                    0x08000214   Section       64  startup_stm32f10x_md_vl.o(.text)
    .text                                    0x08000254   Section      238  lludivv7m.o(.text)
    .text                                    0x08000344   Section        0  rand.o(.text)
    .text                                    0x08000380   Section        0  memcmp.o(.text)
    .text                                    0x080003d8   Section      138  rt_memcpy_v6.o(.text)
    .text                                    0x08000462   Section        0  heapauxi.o(.text)
    .text                                    0x08000468   Section      100  rt_memcpy_w.o(.text)
    .text                                    0x080004cc   Section       74  sys_stackheap_outer.o(.text)
    .text                                    0x08000516   Section        0  exit.o(.text)
    .text                                    0x08000528   Section        8  libspace.o(.text)
    .text                                    0x08000530   Section        0  sys_exit.o(.text)
    .text                                    0x0800053c   Section        2  use_no_semi.o(.text)
    .text                                    0x0800053e   Section        0  indicate_semi.o(.text)
    i.SetSysClock                            0x0800053e   Section        0  system_stm32f10x.o(i.SetSysClock)
    SetSysClock                              0x0800053f   Thumb Code     8  system_stm32f10x.o(i.SetSysClock)
    i.SetSysClockTo72                        0x08000548   Section        0  system_stm32f10x.o(i.SetSysClockTo72)
    SetSysClockTo72                          0x08000549   Thumb Code   214  system_stm32f10x.o(i.SetSysClockTo72)
    i.SysTick_Handler                        0x08000628   Section        0  delay.o(i.SysTick_Handler)
    i.SystemInit                             0x08000630   Section        0  system_stm32f10x.o(i.SystemInit)
    i.arpAdd                                 0x08000690   Section        0  arp.o(i.arpAdd)
    i.arpFilter                              0x080006ec   Section        0  arp.o(i.arpFilter)
    i.arpResolve                             0x08000798   Section        0  arp.o(i.arpResolve)
    i.arpTableSearch                         0x08000824   Section        0  arp.o(i.arpTableSearch)
    i.checksum                               0x08000860   Section        0  net.o(i.checksum)
    i.delayInit                              0x080008b4   Section        0  delay.o(i.delayInit)
    i.delay_ms                               0x0800090c   Section        0  delay.o(i.delay_ms)
    i.enc28j60Init                           0x08000924   Section        0  enc28j60.o(i.enc28j60Init)
    i.enc28j60PacketReceive                  0x08000a70   Section        0  enc28j60.o(i.enc28j60PacketReceive)
    i.enc28j60PacketSend                     0x08000b00   Section        0  enc28j60.o(i.enc28j60PacketSend)
    i.enc28j60ReadBuf                        0x08000b68   Section        0  enc28j60.o(i.enc28j60ReadBuf)
    enc28j60ReadBuf                          0x08000b69   Thumb Code    60  enc28j60.o(i.enc28j60ReadBuf)
    i.enc28j60ReadOp                         0x08000ba8   Section        0  enc28j60.o(i.enc28j60ReadOp)
    enc28j60ReadOp                           0x08000ba9   Thumb Code    68  enc28j60.o(i.enc28j60ReadOp)
    i.enc28j60ReadRegByte                    0x08000bf0   Section        0  enc28j60.o(i.enc28j60ReadRegByte)
    enc28j60ReadRegByte                      0x08000bf1   Thumb Code    20  enc28j60.o(i.enc28j60ReadRegByte)
    i.enc28j60SetBank                        0x08000c04   Section        0  enc28j60.o(i.enc28j60SetBank)
    enc28j60SetBank                          0x08000c05   Thumb Code    50  enc28j60.o(i.enc28j60SetBank)
    i.enc28j60WriteBuf                       0x08000c3c   Section        0  enc28j60.o(i.enc28j60WriteBuf)
    enc28j60WriteBuf                         0x08000c3d   Thumb Code    58  enc28j60.o(i.enc28j60WriteBuf)
    i.enc28j60WriteOp                        0x08000c7c   Section        0  enc28j60.o(i.enc28j60WriteOp)
    i.enc28j60WritePhy                       0x08000cb4   Section        0  enc28j60.o(i.enc28j60WritePhy)
    enc28j60WritePhy                         0x08000cb5   Thumb Code    40  enc28j60.o(i.enc28j60WritePhy)
    i.enc28j60WriteReg                       0x08000cdc   Section        0  enc28j60.o(i.enc28j60WriteReg)
    enc28j60WriteReg                         0x08000cdd   Thumb Code    26  enc28j60.o(i.enc28j60WriteReg)
    i.enc28j60WriteRegByte                   0x08000cf6   Section        0  enc28j60.o(i.enc28j60WriteRegByte)
    enc28j60WriteRegByte                     0x08000cf7   Thumb Code    24  enc28j60.o(i.enc28j60WriteRegByte)
    i.ethReSend                              0x08000d10   Section        0  net.o(i.ethReSend)
    i.ethRead                                0x08000d40   Section        0  net.o(i.ethRead)
    i.ethSend                                0x08000d74   Section        0  net.o(i.ethSend)
    i.flashLock                              0x08000d88   Section        0  flash.o(i.flashLock)
    i.flashPageErase                         0x08000d9c   Section        0  flash.o(i.flashPageErase)
    i.flashRead                              0x08000dd4   Section        0  flash.o(i.flashRead)
    i.flashUnlock                            0x08000ddc   Section        0  flash.o(i.flashUnlock)
    i.flashWriteData                         0x08000df4   Section        0  flash.o(i.flashWriteData)
    i.getTcpStatus                           0x08000e44   Section        0  tcp.o(i.getTcpStatus)
    i.icmpRead                               0x08000e78   Section        0  net.o(i.icmpRead)
    i.ipReSend                               0x08000eb8   Section        0  net.o(i.ipReSend)
    i.ipRead                                 0x08000f08   Section        0  net.o(i.ipRead)
    i.ipSend                                 0x08000f64   Section        0  net.o(i.ipSend)
    i.jumpToMainApp                          0x08001030   Section        0  main.o(i.jumpToMainApp)
    i.main                                   0x08001068   Section        0  main.o(i.main)
    i.netInit                                0x08001394   Section        0  net.o(i.netInit)
    i.netPool                                0x080013a0   Section        0  net.o(i.netPool)
    i.spi1Init                               0x080013c0   Section        0  enc28j60.o(i.spi1Init)
    i.spiRecive                              0x08001458   Section        0  enc28j60.o(i.spiRecive)
    i.spiTranmittRecive                      0x08001464   Section        0  enc28j60.o(i.spiTranmittRecive)
    i.spiTransmit                            0x08001494   Section        0  enc28j60.o(i.spiTransmit)
    i.tcpClose                               0x080014a0   Section        0  tcp.o(i.tcpClose)
    i.tcpCreate                              0x08001620   Section        0  tcp.o(i.tcpCreate)
    i.tcpFilter                              0x08001684   Section        0  tcp.o(i.tcpFilter)
    i.tcpListen                              0x08001dc0   Section        0  tcp.o(i.tcpListen)
    i.tcpPool                                0x08001df4   Section        0  tcp.o(i.tcpPool)
    i.tcpRead                                0x08001e4c   Section        0  tcp.o(i.tcpRead)
    i.tcpSendData                            0x08001ea8   Section        0  tcp.o(i.tcpSendData)
    i.timingDelayDecrement                   0x08002050   Section        0  delay.o(i.timingDelayDecrement)
    i.toApplMode                             0x08002068   Section        0  main.o(i.toApplMode)
    .constdata                               0x080020d8   Section       13  main.o(.constdata)
    .data                                    0x20000000   Section       32  main.o(.data)
    TimingDelay                              0x20000000   Data           4  main.o(.data)
    .data                                    0x20000020   Section       17  arp.o(.data)
    TimingDelay                              0x20000020   Data           4  arp.o(.data)
    .data                                    0x20000034   Section        4  delay.o(.data)
    TimingDelay                              0x20000034   Data           4  delay.o(.data)
    .data                                    0x20000038   Section       16  enc28j60.o(.data)
    TimingDelay                              0x20000038   Data           4  enc28j60.o(.data)
    Enc28j60Bank                             0x2000003c   Data           1  enc28j60.o(.data)
    gNextPacketPtr                           0x20000044   Data           4  enc28j60.o(.data)
    .data                                    0x20000048   Section       16  net.o(.data)
    TimingDelay                              0x20000048   Data           4  net.o(.data)
    .data                                    0x20000058   Section        8  tcp.o(.data)
    TimingDelay                              0x20000058   Data           4  tcp.o(.data)
    numSeg                                   0x2000005c   Data           4  tcp.o(.data)
    .bss                                     0x20000060   Section      512  main.o(.bss)
    .bss                                     0x20000260   Section       50  arp.o(.bss)
    .bss                                     0x20000292   Section     1084  net.o(.bss)
    .bss                                     0x200006d0   Section       56  tcp.o(.bss)
    .bss                                     0x20000708   Section      228  rand.o(.bss)
    .bss                                     0x200007ec   Section       96  libspace.o(.bss)
    HEAP                                     0x20000850   Section     1024  startup_stm32f10x_md_vl.o(HEAP)
    Heap_Mem                                 0x20000850   Data        1024  startup_stm32f10x_md_vl.o(HEAP)
    STACK                                    0x20000c50   Section     1536  startup_stm32f10x_md_vl.o(STACK)
    Stack_Mem                                0x20000c50   Data        1536  startup_stm32f10x_md_vl.o(STACK)
    __initial_sp                             0x20001250   Data           0  startup_stm32f10x_md_vl.o(STACK)

    Global Symbols

    Symbol Name                              Value     Ov Type        Size  Object(Section)

    BuildAttributes$$THM_ISAv4$P$D$K$B$S$PE$A:L22UL41UL21$X:L11$S22US41US21$IEEE1$IW$USESV6$~STKCKD$USESV7$~SHL$OSPACE$ROPI$EBA8$UX$STANDARDLIB$REQ8$PRES8$EABIv2 0x00000000   Number         0  anon$$obj.o ABSOLUTE
    __ARM_use_no_argv                        0x00000000   Number         0  main.o ABSOLUTE
    __ARM_exceptions_init                     - Undefined Weak Reference
    __alloca_initialize                       - Undefined Weak Reference
    __arm_preinit_                            - Undefined Weak Reference
    __cpp_initialize__aeabi_                  - Undefined Weak Reference
    __cxa_finalize                            - Undefined Weak Reference
    __rt_locale                               - Undefined Weak Reference
    __sigvec_lookup                           - Undefined Weak Reference
    _atexit_init                              - Undefined Weak Reference
    _call_atexit_fns                          - Undefined Weak Reference
    _clock_init                               - Undefined Weak Reference
    _fp_trap_init                             - Undefined Weak Reference
    _fp_trap_shutdown                         - Undefined Weak Reference
    _get_lc_collate                           - Undefined Weak Reference
    _get_lc_ctype                             - Undefined Weak Reference
    _get_lc_monetary                          - Undefined Weak Reference
    _get_lc_numeric                           - Undefined Weak Reference
    _get_lc_time                              - Undefined Weak Reference
    _getenv_init                              - Undefined Weak Reference
    _handle_redirection                       - Undefined Weak Reference
    _init_alloc                               - Undefined Weak Reference
    _init_user_alloc                          - Undefined Weak Reference
    _initio                                   - Undefined Weak Reference
    _signal_finish                            - Undefined Weak Reference
    _signal_init                              - Undefined Weak Reference
    _terminate_alloc                          - Undefined Weak Reference
    _terminate_user_alloc                     - Undefined Weak Reference
    _terminateio                              - Undefined Weak Reference
    __Vectors_Size                           0x00000120   Number         0  startup_stm32f10x_md_vl.o ABSOLUTE
    __Vectors                                0x08000000   Data           4  startup_stm32f10x_md_vl.o(RESET)
    __Vectors_End                            0x08000120   Data           0  startup_stm32f10x_md_vl.o(RESET)
    __main                                   0x08000121   Thumb Code     8  __main.o(!!!main)
    __scatterload                            0x08000129   Thumb Code     0  __scatter.o(!!!scatter)
    __scatterload_rt2                        0x08000129   Thumb Code    44  __scatter.o(!!!scatter)
    __scatterload_rt2_thumb_only             0x08000129   Thumb Code     0  __scatter.o(!!!scatter)
    __scatterload_null                       0x08000137   Thumb Code     0  __scatter.o(!!!scatter)
    __scatterload_copy                       0x0800015d   Thumb Code    26  __scatter_copy.o(!!handler_copy)
    __scatterload_zeroinit                   0x08000179   Thumb Code    28  __scatter_zi.o(!!handler_zi)
    __rt_lib_init                            0x08000195   Thumb Code     0  libinit.o(.ARM.Collect$$libinit$$00000000)
    __rt_lib_init_fp_1                       0x08000197   Thumb Code     0  libinit2.o(.ARM.Collect$$libinit$$00000002)
    __rt_lib_init_heap_1                     0x08000197   Thumb Code     0  libinit2.o(.ARM.Collect$$libinit$$0000000A)
    __rt_lib_init_preinit_1                  0x08000197   Thumb Code     0  libinit2.o(.ARM.Collect$$libinit$$00000004)
    __rt_lib_init_rand_2                     0x08000197   Thumb Code     0  libinit2.o(.ARM.Collect$$libinit$$0000000D)
    __rt_lib_init_user_alloc_1               0x08000197   Thumb Code     0  libinit2.o(.ARM.Collect$$libinit$$0000000C)
    __rt_lib_init_alloca_1                   0x0800019b   Thumb Code     0  libinit2.o(.ARM.Collect$$libinit$$0000002E)
    __rt_lib_init_argv_1                     0x0800019b   Thumb Code     0  libinit2.o(.ARM.Collect$$libinit$$0000002C)
    __rt_lib_init_atexit_1                   0x0800019b   Thumb Code     0  libinit2.o(.ARM.Collect$$libinit$$0000001B)
    __rt_lib_init_clock_1                    0x0800019b   Thumb Code     0  libinit2.o(.ARM.Collect$$libinit$$00000021)
    __rt_lib_init_cpp_1                      0x0800019b   Thumb Code     0  libinit2.o(.ARM.Collect$$libinit$$00000032)
    __rt_lib_init_exceptions_1               0x0800019b   Thumb Code     0  libinit2.o(.ARM.Collect$$libinit$$00000030)
    __rt_lib_init_fp_trap_1                  0x0800019b   Thumb Code     0  libinit2.o(.ARM.Collect$$libinit$$0000001F)
    __rt_lib_init_getenv_1                   0x0800019b   Thumb Code     0  libinit2.o(.ARM.Collect$$libinit$$00000023)
    __rt_lib_init_lc_collate_1               0x0800019b   Thumb Code     0  libinit2.o(.ARM.Collect$$libinit$$00000011)
    __rt_lib_init_lc_ctype_1                 0x0800019b   Thumb Code     0  libinit2.o(.ARM.Collect$$libinit$$00000013)
    __rt_lib_init_lc_monetary_1              0x0800019b   Thumb Code     0  libinit2.o(.ARM.Collect$$libinit$$00000015)
    __rt_lib_init_lc_numeric_1               0x0800019b   Thumb Code     0  libinit2.o(.ARM.Collect$$libinit$$00000017)
    __rt_lib_init_lc_time_1                  0x0800019b   Thumb Code     0  libinit2.o(.ARM.Collect$$libinit$$00000019)
    __rt_lib_init_rand_1                     0x0800019b   Thumb Code     0  libinit2.o(.ARM.Collect$$libinit$$0000000E)
    __rt_lib_init_return                     0x0800019b   Thumb Code     0  libinit2.o(.ARM.Collect$$libinit$$00000033)
    __rt_lib_init_signal_1                   0x0800019b   Thumb Code     0  libinit2.o(.ARM.Collect$$libinit$$0000001D)
    __rt_lib_init_stdio_1                    0x0800019b   Thumb Code     0  libinit2.o(.ARM.Collect$$libinit$$00000025)
    __rt_lib_shutdown                        0x0800019d   Thumb Code     0  libshutdown.o(.ARM.Collect$$libshutdown$$00000000)
    __rt_lib_shutdown_cpp_1                  0x0800019f   Thumb Code     0  libshutdown2.o(.ARM.Collect$$libshutdown$$00000002)
    __rt_lib_shutdown_fp_trap_1              0x0800019f   Thumb Code     0  libshutdown2.o(.ARM.Collect$$libshutdown$$00000007)
    __rt_lib_shutdown_heap_1                 0x0800019f   Thumb Code     0  libshutdown2.o(.ARM.Collect$$libshutdown$$0000000F)
    __rt_lib_shutdown_return                 0x0800019f   Thumb Code     0  libshutdown2.o(.ARM.Collect$$libshutdown$$00000010)
    __rt_lib_shutdown_signal_1               0x0800019f   Thumb Code     0  libshutdown2.o(.ARM.Collect$$libshutdown$$0000000A)
    __rt_lib_shutdown_stdio_1                0x0800019f   Thumb Code     0  libshutdown2.o(.ARM.Collect$$libshutdown$$00000004)
    __rt_lib_shutdown_user_alloc_1           0x0800019f   Thumb Code     0  libshutdown2.o(.ARM.Collect$$libshutdown$$0000000C)
    __rt_entry                               0x080001a1   Thumb Code     0  __rtentry.o(.ARM.Collect$$rtentry$$00000000)
    __rt_entry_presh_1                       0x080001a1   Thumb Code     0  __rtentry2.o(.ARM.Collect$$rtentry$$00000002)
    __rt_entry_sh                            0x080001a1   Thumb Code     0  __rtentry4.o(.ARM.Collect$$rtentry$$00000004)
    __rt_entry_li                            0x080001a7   Thumb Code     0  __rtentry2.o(.ARM.Collect$$rtentry$$0000000A)
    __rt_entry_postsh_1                      0x080001a7   Thumb Code     0  __rtentry2.o(.ARM.Collect$$rtentry$$00000009)
    __rt_entry_main                          0x080001ab   Thumb Code     0  __rtentry2.o(.ARM.Collect$$rtentry$$0000000D)
    __rt_entry_postli_1                      0x080001ab   Thumb Code     0  __rtentry2.o(.ARM.Collect$$rtentry$$0000000C)
    __rt_exit                                0x080001b3   Thumb Code     0  rtexit.o(.ARM.Collect$$rtexit$$00000000)
    __rt_exit_ls                             0x080001b5   Thumb Code     0  rtexit2.o(.ARM.Collect$$rtexit$$00000003)
    __rt_exit_prels_1                        0x080001b5   Thumb Code     0  rtexit2.o(.ARM.Collect$$rtexit$$00000002)
    __rt_exit_exit                           0x080001b9   Thumb Code     0  rtexit2.o(.ARM.Collect$$rtexit$$00000004)
    __get_PSP                                0x080001c1   Thumb Code     6  core_cm3.o(.emb_text)
    __set_PSP                                0x080001c7   Thumb Code     6  core_cm3.o(.emb_text)
    __get_MSP                                0x080001cd   Thumb Code     6  core_cm3.o(.emb_text)
    __set_MSP                                0x080001d3   Thumb Code     6  core_cm3.o(.emb_text)
    __REV16                                  0x080001d9   Thumb Code     4  core_cm3.o(.emb_text)
    __REVSH                                  0x080001dd   Thumb Code     4  core_cm3.o(.emb_text)
    rand                                     0x080001e1   Thumb Code    48  rand.o(.emb_text)
    Reset_Handler                            0x08000215   Thumb Code     8  startup_stm32f10x_md_vl.o(.text)
    NMI_Handler                              0x0800021d   Thumb Code     2  startup_stm32f10x_md_vl.o(.text)
    HardFault_Handler                        0x0800021f   Thumb Code     2  startup_stm32f10x_md_vl.o(.text)
    MemManage_Handler                        0x08000221   Thumb Code     2  startup_stm32f10x_md_vl.o(.text)
    BusFault_Handler                         0x08000223   Thumb Code     2  startup_stm32f10x_md_vl.o(.text)
    UsageFault_Handler                       0x08000225   Thumb Code     2  startup_stm32f10x_md_vl.o(.text)
    SVC_Handler                              0x08000227   Thumb Code     2  startup_stm32f10x_md_vl.o(.text)
    DebugMon_Handler                         0x08000229   Thumb Code     2  startup_stm32f10x_md_vl.o(.text)
    PendSV_Handler                           0x0800022b   Thumb Code     2  startup_stm32f10x_md_vl.o(.text)
    ADC1_IRQHandler                          0x0800022f   Thumb Code     0  startup_stm32f10x_md_vl.o(.text)
    CEC_IRQHandler                           0x0800022f   Thumb Code     0  startup_stm32f10x_md_vl.o(.text)
    DMA1_Channel1_IRQHandler                 0x0800022f   Thumb Code     0  startup_stm32f10x_md_vl.o(.text)
    DMA1_Channel2_IRQHandler                 0x0800022f   Thumb Code     0  startup_stm32f10x_md_vl.o(.text)
    DMA1_Channel3_IRQHandler                 0x0800022f   Thumb Code     0  startup_stm32f10x_md_vl.o(.text)
    DMA1_Channel4_IRQHandler                 0x0800022f   Thumb Code     0  startup_stm32f10x_md_vl.o(.text)
    DMA1_Channel5_IRQHandler                 0x0800022f   Thumb Code     0  startup_stm32f10x_md_vl.o(.text)
    DMA1_Channel6_IRQHandler                 0x0800022f   Thumb Code     0  startup_stm32f10x_md_vl.o(.text)
    DMA1_Channel7_IRQHandler                 0x0800022f   Thumb Code     0  startup_stm32f10x_md_vl.o(.text)
    EXTI0_IRQHandler                         0x0800022f   Thumb Code     0  startup_stm32f10x_md_vl.o(.text)
    EXTI15_10_IRQHandler                     0x0800022f   Thumb Code     0  startup_stm32f10x_md_vl.o(.text)
    EXTI1_IRQHandler                         0x0800022f   Thumb Code     0  startup_stm32f10x_md_vl.o(.text)
    EXTI2_IRQHandler                         0x0800022f   Thumb Code     0  startup_stm32f10x_md_vl.o(.text)
    EXTI3_IRQHandler                         0x0800022f   Thumb Code     0  startup_stm32f10x_md_vl.o(.text)
    EXTI4_IRQHandler                         0x0800022f   Thumb Code     0  startup_stm32f10x_md_vl.o(.text)
    EXTI9_5_IRQHandler                       0x0800022f   Thumb Code     0  startup_stm32f10x_md_vl.o(.text)
    FLASH_IRQHandler                         0x0800022f   Thumb Code     0  startup_stm32f10x_md_vl.o(.text)
    I2C1_ER_IRQHandler                       0x0800022f   Thumb Code     0  startup_stm32f10x_md_vl.o(.text)
    I2C1_EV_IRQHandler                       0x0800022f   Thumb Code     0  startup_stm32f10x_md_vl.o(.text)
    I2C2_ER_IRQHandler                       0x0800022f   Thumb Code     0  startup_stm32f10x_md_vl.o(.text)
    I2C2_EV_IRQHandler                       0x0800022f   Thumb Code     0  startup_stm32f10x_md_vl.o(.text)
    PVD_IRQHandler                           0x0800022f   Thumb Code     0  startup_stm32f10x_md_vl.o(.text)
    RCC_IRQHandler                           0x0800022f   Thumb Code     0  startup_stm32f10x_md_vl.o(.text)
    RTCAlarm_IRQHandler                      0x0800022f   Thumb Code     0  startup_stm32f10x_md_vl.o(.text)
    RTC_IRQHandler                           0x0800022f   Thumb Code     0  startup_stm32f10x_md_vl.o(.text)
    SPI1_IRQHandler                          0x0800022f   Thumb Code     0  startup_stm32f10x_md_vl.o(.text)
    SPI2_IRQHandler                          0x0800022f   Thumb Code     0  startup_stm32f10x_md_vl.o(.text)
    TAMPER_IRQHandler                        0x0800022f   Thumb Code     0  startup_stm32f10x_md_vl.o(.text)
    TIM1_BRK_TIM15_IRQHandler                0x0800022f   Thumb Code     0  startup_stm32f10x_md_vl.o(.text)
    TIM1_CC_IRQHandler                       0x0800022f   Thumb Code     0  startup_stm32f10x_md_vl.o(.text)
    TIM1_TRG_COM_TIM17_IRQHandler            0x0800022f   Thumb Code     0  startup_stm32f10x_md_vl.o(.text)
    TIM1_UP_TIM16_IRQHandler                 0x0800022f   Thumb Code     0  startup_stm32f10x_md_vl.o(.text)
    TIM2_IRQHandler                          0x0800022f   Thumb Code     0  startup_stm32f10x_md_vl.o(.text)
    TIM3_IRQHandler                          0x0800022f   Thumb Code     0  startup_stm32f10x_md_vl.o(.text)
    TIM4_IRQHandler                          0x0800022f   Thumb Code     0  startup_stm32f10x_md_vl.o(.text)
    TIM6_DAC_IRQHandler                      0x0800022f   Thumb Code     0  startup_stm32f10x_md_vl.o(.text)
    TIM7_IRQHandler                          0x0800022f   Thumb Code     0  startup_stm32f10x_md_vl.o(.text)
    USART1_IRQHandler                        0x0800022f   Thumb Code     0  startup_stm32f10x_md_vl.o(.text)
    USART2_IRQHandler                        0x0800022f   Thumb Code     0  startup_stm32f10x_md_vl.o(.text)
    USART3_IRQHandler                        0x0800022f   Thumb Code     0  startup_stm32f10x_md_vl.o(.text)
    WWDG_IRQHandler                          0x0800022f   Thumb Code     0  startup_stm32f10x_md_vl.o(.text)
    __user_initial_stackheap                 0x08000231   Thumb Code     0  startup_stm32f10x_md_vl.o(.text)
    __aeabi_uldivmod                         0x08000255   Thumb Code     0  lludivv7m.o(.text)
    _ll_udiv                                 0x08000255   Thumb Code   238  lludivv7m.o(.text)
    srand                                    0x08000345   Thumb Code    42  rand.o(.text)
    _rand_init                               0x0800036f   Thumb Code     4  rand.o(.text)
    memcmp                                   0x08000381   Thumb Code    88  memcmp.o(.text)
    __aeabi_memcpy                           0x080003d9   Thumb Code     0  rt_memcpy_v6.o(.text)
    __rt_memcpy                              0x080003d9   Thumb Code   138  rt_memcpy_v6.o(.text)
    _memcpy_lastbytes                        0x0800043f   Thumb Code     0  rt_memcpy_v6.o(.text)
    __use_two_region_memory                  0x08000463   Thumb Code     2  heapauxi.o(.text)
    __rt_heap_escrow$2region                 0x08000465   Thumb Code     2  heapauxi.o(.text)
    __rt_heap_expand$2region                 0x08000467   Thumb Code     2  heapauxi.o(.text)
    __aeabi_memcpy4                          0x08000469   Thumb Code     0  rt_memcpy_w.o(.text)
    __aeabi_memcpy8                          0x08000469   Thumb Code     0  rt_memcpy_w.o(.text)
    __rt_memcpy_w                            0x08000469   Thumb Code   100  rt_memcpy_w.o(.text)
    _memcpy_lastbytes_aligned                0x080004b1   Thumb Code     0  rt_memcpy_w.o(.text)
    __user_setup_stackheap                   0x080004cd   Thumb Code    74  sys_stackheap_outer.o(.text)
    exit                                     0x08000517   Thumb Code    18  exit.o(.text)
    __user_libspace                          0x08000529   Thumb Code     8  libspace.o(.text)
    __user_perproc_libspace                  0x08000529   Thumb Code     0  libspace.o(.text)
    __user_perthread_libspace                0x08000529   Thumb Code     0  libspace.o(.text)
    _sys_exit                                0x08000531   Thumb Code     8  sys_exit.o(.text)
    __I$use$semihosting                      0x0800053d   Thumb Code     0  use_no_semi.o(.text)
    __use_no_semihosting_swi                 0x0800053d   Thumb Code     2  use_no_semi.o(.text)
    __semihosting_library_function           0x0800053f   Thumb Code     0  indicate_semi.o(.text)
    SysTick_Handler                          0x08000629   Thumb Code     8  delay.o(i.SysTick_Handler)
    SystemInit                               0x08000631   Thumb Code    78  system_stm32f10x.o(i.SystemInit)
    arpAdd                                   0x08000691   Thumb Code    82  arp.o(i.arpAdd)
    arpFilter                                0x080006ed   Thumb Code   164  arp.o(i.arpFilter)
    arpResolve                               0x08000799   Thumb Code   120  arp.o(i.arpResolve)
    arpTableSearch                           0x08000825   Thumb Code    54  arp.o(i.arpTableSearch)
    checksum                                 0x08000861   Thumb Code    84  net.o(i.checksum)
    delayInit                                0x080008b5   Thumb Code    76  delay.o(i.delayInit)
    delay_ms                                 0x0800090d   Thumb Code    20  delay.o(i.delay_ms)
    enc28j60Init                             0x08000925   Thumb Code   322  enc28j60.o(i.enc28j60Init)
    enc28j60PacketReceive                    0x08000a71   Thumb Code   138  enc28j60.o(i.enc28j60PacketReceive)
    enc28j60PacketSend                       0x08000b01   Thumb Code   100  enc28j60.o(i.enc28j60PacketSend)
    enc28j60WriteOp                          0x08000c7d   Thumb Code    52  enc28j60.o(i.enc28j60WriteOp)
    ethReSend                                0x08000d11   Thumb Code    42  net.o(i.ethReSend)
    ethRead                                  0x08000d41   Thumb Code    52  net.o(i.ethRead)
    ethSend                                  0x08000d75   Thumb Code    20  net.o(i.ethSend)
    flashLock                                0x08000d89   Thumb Code    14  flash.o(i.flashLock)
    flashPageErase                           0x08000d9d   Thumb Code    52  flash.o(i.flashPageErase)
    flashRead                                0x08000dd5   Thumb Code     6  flash.o(i.flashRead)
    flashUnlock                              0x08000ddd   Thumb Code    12  flash.o(i.flashUnlock)
    flashWriteData                           0x08000df5   Thumb Code    76  flash.o(i.flashWriteData)
    getTcpStatus                             0x08000e45   Thumb Code    48  tcp.o(i.getTcpStatus)
    icmpRead                                 0x08000e79   Thumb Code    64  net.o(i.icmpRead)
    ipReSend                                 0x08000eb9   Thumb Code    76  net.o(i.ipReSend)
    ipRead                                   0x08000f09   Thumb Code    88  net.o(i.ipRead)
    ipSend                                   0x08000f65   Thumb Code   186  net.o(i.ipSend)
    jumpToMainApp                            0x08001031   Thumb Code    48  main.o(i.jumpToMainApp)
    main                                     0x08001069   Thumb Code   710  main.o(i.main)
    netInit                                  0x08001395   Thumb Code    12  net.o(i.netInit)
    netPool                                  0x080013a1   Thumb Code    28  net.o(i.netPool)
    spi1Init                                 0x080013c1   Thumb Code   128  enc28j60.o(i.spi1Init)
    spiRecive                                0x08001459   Thumb Code    10  enc28j60.o(i.spiRecive)
    spiTranmittRecive                        0x08001465   Thumb Code    42  enc28j60.o(i.spiTranmittRecive)
    spiTransmit                              0x08001495   Thumb Code    12  enc28j60.o(i.spiTransmit)
    tcpClose                                 0x080014a1   Thumb Code   376  tcp.o(i.tcpClose)
    tcpCreate                                0x08001621   Thumb Code    96  tcp.o(i.tcpCreate)
    tcpFilter                                0x08001685   Thumb Code  1844  tcp.o(i.tcpFilter)
    tcpListen                                0x08001dc1   Thumb Code    46  tcp.o(i.tcpListen)
    tcpPool                                  0x08001df5   Thumb Code    84  tcp.o(i.tcpPool)
    tcpRead                                  0x08001e4d   Thumb Code    88  tcp.o(i.tcpRead)
    tcpSendData                              0x08001ea9   Thumb Code   416  tcp.o(i.tcpSendData)
    timingDelayDecrement                     0x08002051   Thumb Code    18  delay.o(i.timingDelayDecrement)
    toApplMode                               0x08002069   Thumb Code    78  main.o(i.toApplMode)
    Region$$Table$$Base                      0x080020e8   Number         0  anon$$obj.o(Region$$Table)
    Region$$Table$$Limit                     0x08002108   Number         0  anon$$obj.o(Region$$Table)
    tcpId                                    0x20000004   Data           1  main.o(.data)
    state                                    0x20000005   Data           1  main.o(.data)
    validAddr                                0x20000008   Data           4  main.o(.data)
    mainAppLen                               0x20000010   Data           8  main.o(.data)
    recivedLen                               0x20000018   Data           8  main.o(.data)
    broadcastMac                             0x20000024   Data           6  arp.o(.data)
    arpRequestMac                            0x2000002a   Data           6  arp.o(.data)
    arpPointer                               0x20000030   Data           1  arp.o(.data)
    macaddr                                  0x2000003d   Data           6  enc28j60.o(.data)
    ipaddr                                   0x2000004c   Data           4  net.o(.data)
    gateIp                                   0x20000050   Data           4  net.o(.data)
    netMask                                  0x20000054   Data           4  net.o(.data)
    frameBuff                                0x20000060   Data         512  main.o(.bss)
    arpTbl                                   0x20000260   Data          50  arp.o(.bss)
    netBuf                                   0x20000292   Data        1024  net.o(.bss)
    str1                                     0x20000692   Data          60  net.o(.bss)
    tcpStateConn                             0x200006d0   Data          56  tcp.o(.bss)
    _random_number_data                      0x20000708   Data         228  rand.o(.bss)
    __libspace_start                         0x200007ec   Data          96  libspace.o(.bss)
    __temporary_stack_top$libspace           0x2000084c   Data           0  libspace.o(.bss)



==============================================================================

Memory Map of the image

  Image Entry point : 0x08000121

  Load Region LR_IROM1 (Base: 0x08000000, Size: 0x00002168, Max: 0x00002400, ABSOLUTE)

    Execution Region ER_IROM1 (Exec base: 0x08000000, Load base: 0x08000000, Size: 0x00002108, Max: 0x00002400, ABSOLUTE)

    Exec Addr    Load Addr    Size         Type   Attr      Idx    E Section Name        Object

    0x08000000   0x08000000   0x00000120   Data   RO            3    RESET               startup_stm32f10x_md_vl.o
    0x08000120   0x08000120   0x00000008   Code   RO          563  * !!!main             c_w.l(__main.o)
    0x08000128   0x08000128   0x00000034   Code   RO          732    !!!scatter          c_w.l(__scatter.o)
    0x0800015c   0x0800015c   0x0000001a   Code   RO          734    !!handler_copy      c_w.l(__scatter_copy.o)
    0x08000176   0x08000176   0x00000002   PAD
    0x08000178   0x08000178   0x0000001c   Code   RO          736    !!handler_zi        c_w.l(__scatter_zi.o)
    0x08000194   0x08000194   0x00000002   Code   RO          655    .ARM.Collect$$libinit$$00000000  c_w.l(libinit.o)
    0x08000196   0x08000196   0x00000000   Code   RO          573    .ARM.Collect$$libinit$$00000002  c_w.l(libinit2.o)
    0x08000196   0x08000196   0x00000000   Code   RO          575    .ARM.Collect$$libinit$$00000004  c_w.l(libinit2.o)
    0x08000196   0x08000196   0x00000000   Code   RO          578    .ARM.Collect$$libinit$$0000000A  c_w.l(libinit2.o)
    0x08000196   0x08000196   0x00000000   Code   RO          580    .ARM.Collect$$libinit$$0000000C  c_w.l(libinit2.o)
    0x08000196   0x08000196   0x00000004   Code   RO          581    .ARM.Collect$$libinit$$0000000D  c_w.l(libinit2.o)
    0x0800019a   0x0800019a   0x00000000   Code   RO          582    .ARM.Collect$$libinit$$0000000E  c_w.l(libinit2.o)
    0x0800019a   0x0800019a   0x00000000   Code   RO          585    .ARM.Collect$$libinit$$00000011  c_w.l(libinit2.o)
    0x0800019a   0x0800019a   0x00000000   Code   RO          587    .ARM.Collect$$libinit$$00000013  c_w.l(libinit2.o)
    0x0800019a   0x0800019a   0x00000000   Code   RO          589    .ARM.Collect$$libinit$$00000015  c_w.l(libinit2.o)
    0x0800019a   0x0800019a   0x00000000   Code   RO          591    .ARM.Collect$$libinit$$00000017  c_w.l(libinit2.o)
    0x0800019a   0x0800019a   0x00000000   Code   RO          593    .ARM.Collect$$libinit$$00000019  c_w.l(libinit2.o)
    0x0800019a   0x0800019a   0x00000000   Code   RO          595    .ARM.Collect$$libinit$$0000001B  c_w.l(libinit2.o)
    0x0800019a   0x0800019a   0x00000000   Code   RO          597    .ARM.Collect$$libinit$$0000001D  c_w.l(libinit2.o)
    0x0800019a   0x0800019a   0x00000000   Code   RO          599    .ARM.Collect$$libinit$$0000001F  c_w.l(libinit2.o)
    0x0800019a   0x0800019a   0x00000000   Code   RO          601    .ARM.Collect$$libinit$$00000021  c_w.l(libinit2.o)
    0x0800019a   0x0800019a   0x00000000   Code   RO          603    .ARM.Collect$$libinit$$00000023  c_w.l(libinit2.o)
    0x0800019a   0x0800019a   0x00000000   Code   RO          605    .ARM.Collect$$libinit$$00000025  c_w.l(libinit2.o)
    0x0800019a   0x0800019a   0x00000000   Code   RO          609    .ARM.Collect$$libinit$$0000002C  c_w.l(libinit2.o)
    0x0800019a   0x0800019a   0x00000000   Code   RO          611    .ARM.Collect$$libinit$$0000002E  c_w.l(libinit2.o)
    0x0800019a   0x0800019a   0x00000000   Code   RO          613    .ARM.Collect$$libinit$$00000030  c_w.l(libinit2.o)
    0x0800019a   0x0800019a   0x00000000   Code   RO          615    .ARM.Collect$$libinit$$00000032  c_w.l(libinit2.o)
    0x0800019a   0x0800019a   0x00000002   Code   RO          616    .ARM.Collect$$libinit$$00000033  c_w.l(libinit2.o)
    0x0800019c   0x0800019c   0x00000002   Code   RO          699    .ARM.Collect$$libshutdown$$00000000  c_w.l(libshutdown.o)
    0x0800019e   0x0800019e   0x00000000   Code   RO          715    .ARM.Collect$$libshutdown$$00000002  c_w.l(libshutdown2.o)
    0x0800019e   0x0800019e   0x00000000   Code   RO          717    .ARM.Collect$$libshutdown$$00000004  c_w.l(libshutdown2.o)
    0x0800019e   0x0800019e   0x00000000   Code   RO          720    .ARM.Collect$$libshutdown$$00000007  c_w.l(libshutdown2.o)
    0x0800019e   0x0800019e   0x00000000   Code   RO          723    .ARM.Collect$$libshutdown$$0000000A  c_w.l(libshutdown2.o)
    0x0800019e   0x0800019e   0x00000000   Code   RO          725    .ARM.Collect$$libshutdown$$0000000C  c_w.l(libshutdown2.o)
    0x0800019e   0x0800019e   0x00000000   Code   RO          728    .ARM.Collect$$libshutdown$$0000000F  c_w.l(libshutdown2.o)
    0x0800019e   0x0800019e   0x00000002   Code   RO          729    .ARM.Collect$$libshutdown$$00000010  c_w.l(libshutdown2.o)
    0x080001a0   0x080001a0   0x00000000   Code   RO          565    .ARM.Collect$$rtentry$$00000000  c_w.l(__rtentry.o)
    0x080001a0   0x080001a0   0x00000000   Code   RO          618    .ARM.Collect$$rtentry$$00000002  c_w.l(__rtentry2.o)
    0x080001a0   0x080001a0   0x00000006   Code   RO          630    .ARM.Collect$$rtentry$$00000004  c_w.l(__rtentry4.o)
    0x080001a6   0x080001a6   0x00000000   Code   RO          620    .ARM.Collect$$rtentry$$00000009  c_w.l(__rtentry2.o)
    0x080001a6   0x080001a6   0x00000004   Code   RO          621    .ARM.Collect$$rtentry$$0000000A  c_w.l(__rtentry2.o)
    0x080001aa   0x080001aa   0x00000000   Code   RO          623    .ARM.Collect$$rtentry$$0000000C  c_w.l(__rtentry2.o)
    0x080001aa   0x080001aa   0x00000008   Code   RO          624    .ARM.Collect$$rtentry$$0000000D  c_w.l(__rtentry2.o)
    0x080001b2   0x080001b2   0x00000002   Code   RO          661    .ARM.Collect$$rtexit$$00000000  c_w.l(rtexit.o)
    0x080001b4   0x080001b4   0x00000000   Code   RO          681    .ARM.Collect$$rtexit$$00000002  c_w.l(rtexit2.o)
    0x080001b4   0x080001b4   0x00000004   Code   RO          682    .ARM.Collect$$rtexit$$00000003  c_w.l(rtexit2.o)
    0x080001b8   0x080001b8   0x00000006   Code   RO          683    .ARM.Collect$$rtexit$$00000004  c_w.l(rtexit2.o)
    0x080001be   0x080001be   0x00000002   PAD
    0x080001c0   0x080001c0   0x00000020   Code   RO           10    .emb_text           core_cm3.o
    0x080001e0   0x080001e0   0x00000034   Code   RO          552    .emb_text           c_w.l(rand.o)
    0x08000214   0x08000214   0x00000040   Code   RO            4    .text               startup_stm32f10x_md_vl.o
    0x08000254   0x08000254   0x000000ee   Code   RO          550    .text               c_w.l(lludivv7m.o)
    0x08000342   0x08000342   0x00000002   PAD
    0x08000344   0x08000344   0x0000003c   Code   RO          553    .text               c_w.l(rand.o)
    0x08000380   0x08000380   0x00000058   Code   RO          557    .text               c_w.l(memcmp.o)
    0x080003d8   0x080003d8   0x0000008a   Code   RO          559    .text               c_w.l(rt_memcpy_v6.o)
    0x08000462   0x08000462   0x00000006   Code   RO          561    .text               c_w.l(heapauxi.o)
    0x08000468   0x08000468   0x00000064   Code   RO          570    .text               c_w.l(rt_memcpy_w.o)
    0x080004cc   0x080004cc   0x0000004a   Code   RO          638    .text               c_w.l(sys_stackheap_outer.o)
    0x08000516   0x08000516   0x00000012   Code   RO          640    .text               c_w.l(exit.o)
    0x08000528   0x08000528   0x00000008   Code   RO          658    .text               c_w.l(libspace.o)
    0x08000530   0x08000530   0x0000000c   Code   RO          675    .text               c_w.l(sys_exit.o)
    0x0800053c   0x0800053c   0x00000002   Code   RO          677    .text               c_w.l(use_no_semi.o)
    0x0800053e   0x0800053e   0x00000000   Code   RO          679    .text               c_w.l(indicate_semi.o)
    0x0800053e   0x0800053e   0x00000008   Code   RO           24    i.SetSysClock       system_stm32f10x.o
    0x08000546   0x08000546   0x00000002   PAD
    0x08000548   0x08000548   0x000000e0   Code   RO           25    i.SetSysClockTo72   system_stm32f10x.o
    0x08000628   0x08000628   0x00000008   Code   RO          169    i.SysTick_Handler   delay.o
    0x08000630   0x08000630   0x00000060   Code   RO           27    i.SystemInit        system_stm32f10x.o
    0x08000690   0x08000690   0x0000005c   Code   RO          131    i.arpAdd            arp.o
    0x080006ec   0x080006ec   0x000000ac   Code   RO          132    i.arpFilter         arp.o
    0x08000798   0x08000798   0x0000008c   Code   RO          133    i.arpResolve        arp.o
    0x08000824   0x08000824   0x0000003c   Code   RO          134    i.arpTableSearch    arp.o
    0x08000860   0x08000860   0x00000054   Code   RO          302    i.checksum          net.o
    0x080008b4   0x080008b4   0x00000058   Code   RO          170    i.delayInit         delay.o
    0x0800090c   0x0800090c   0x00000018   Code   RO          171    i.delay_ms          delay.o
    0x08000924   0x08000924   0x0000014c   Code   RO          205    i.enc28j60Init      enc28j60.o
    0x08000a70   0x08000a70   0x00000090   Code   RO          206    i.enc28j60PacketReceive  enc28j60.o
    0x08000b00   0x08000b00   0x00000068   Code   RO          207    i.enc28j60PacketSend  enc28j60.o
    0x08000b68   0x08000b68   0x00000040   Code   RO          208    i.enc28j60ReadBuf   enc28j60.o
    0x08000ba8   0x08000ba8   0x00000048   Code   RO          209    i.enc28j60ReadOp    enc28j60.o
    0x08000bf0   0x08000bf0   0x00000014   Code   RO          210    i.enc28j60ReadRegByte  enc28j60.o
    0x08000c04   0x08000c04   0x00000038   Code   RO          211    i.enc28j60SetBank   enc28j60.o
    0x08000c3c   0x08000c3c   0x00000040   Code   RO          212    i.enc28j60WriteBuf  enc28j60.o
    0x08000c7c   0x08000c7c   0x00000038   Code   RO          213    i.enc28j60WriteOp   enc28j60.o
    0x08000cb4   0x08000cb4   0x00000028   Code   RO          214    i.enc28j60WritePhy  enc28j60.o
    0x08000cdc   0x08000cdc   0x0000001a   Code   RO          215    i.enc28j60WriteReg  enc28j60.o
    0x08000cf6   0x08000cf6   0x00000018   Code   RO          216    i.enc28j60WriteRegByte  enc28j60.o
    0x08000d0e   0x08000d0e   0x00000002   PAD
    0x08000d10   0x08000d10   0x00000030   Code   RO          303    i.ethReSend         net.o
    0x08000d40   0x08000d40   0x00000034   Code   RO          304    i.ethRead           net.o
    0x08000d74   0x08000d74   0x00000014   Code   RO          305    i.ethSend           net.o
    0x08000d88   0x08000d88   0x00000014   Code   RO          512    i.flashLock         flash.o
    0x08000d9c   0x08000d9c   0x00000038   Code   RO          513    i.flashPageErase    flash.o
    0x08000dd4   0x08000dd4   0x00000006   Code   RO          514    i.flashRead         flash.o
    0x08000dda   0x08000dda   0x00000002   PAD
    0x08000ddc   0x08000ddc   0x00000018   Code   RO          515    i.flashUnlock       flash.o
    0x08000df4   0x08000df4   0x00000050   Code   RO          516    i.flashWriteData    flash.o
    0x08000e44   0x08000e44   0x00000034   Code   RO          385    i.getTcpStatus      tcp.o
    0x08000e78   0x08000e78   0x00000040   Code   RO          306    i.icmpRead          net.o
    0x08000eb8   0x08000eb8   0x00000050   Code   RO          307    i.ipReSend          net.o
    0x08000f08   0x08000f08   0x0000005c   Code   RO          308    i.ipRead            net.o
    0x08000f64   0x08000f64   0x000000cc   Code   RO          309    i.ipSend            net.o
    0x08001030   0x08001030   0x00000038   Code   RO           65    i.jumpToMainApp     main.o
    0x08001068   0x08001068   0x0000032c   Code   RO           66    i.main              main.o
    0x08001394   0x08001394   0x0000000c   Code   RO          310    i.netInit           net.o
    0x080013a0   0x080013a0   0x00000020   Code   RO          311    i.netPool           net.o
    0x080013c0   0x080013c0   0x00000098   Code   RO          217    i.spi1Init          enc28j60.o
    0x08001458   0x08001458   0x0000000a   Code   RO          218    i.spiRecive         enc28j60.o
    0x08001462   0x08001462   0x00000002   PAD
    0x08001464   0x08001464   0x00000030   Code   RO          219    i.spiTranmittRecive  enc28j60.o
    0x08001494   0x08001494   0x0000000c   Code   RO          220    i.spiTransmit       enc28j60.o
    0x080014a0   0x080014a0   0x00000180   Code   RO          386    i.tcpClose          tcp.o
    0x08001620   0x08001620   0x00000064   Code   RO          387    i.tcpCreate         tcp.o
    0x08001684   0x08001684   0x0000073c   Code   RO          388    i.tcpFilter         tcp.o
    0x08001dc0   0x08001dc0   0x00000034   Code   RO          389    i.tcpListen         tcp.o
    0x08001df4   0x08001df4   0x00000058   Code   RO          390    i.tcpPool           tcp.o
    0x08001e4c   0x08001e4c   0x0000005c   Code   RO          391    i.tcpRead           tcp.o
    0x08001ea8   0x08001ea8   0x000001a8   Code   RO          392    i.tcpSendData       tcp.o
    0x08002050   0x08002050   0x00000018   Code   RO          172    i.timingDelayDecrement  delay.o
    0x08002068   0x08002068   0x00000070   Code   RO           67    i.toApplMode        main.o
    0x080020d8   0x080020d8   0x0000000d   Data   RO           69    .constdata          main.o
    0x080020e5   0x080020e5   0x00000003   PAD
    0x080020e8   0x080020e8   0x00000020   Data   RO          730    Region$$Table       anon$$obj.o


    Execution Region RW_IRAM1 (Exec base: 0x20000000, Load base: 0x08002108, Size: 0x00001250, Max: 0x00005000, ABSOLUTE)

    Exec Addr    Load Addr    Size         Type   Attr      Idx    E Section Name        Object

    0x20000000   0x08002108   0x00000020   Data   RW           70    .data               main.o
    0x20000020   0x08002128   0x00000011   Data   RW          136    .data               arp.o
    0x20000031   0x08002139   0x00000003   PAD
    0x20000034   0x0800213c   0x00000004   Data   RW          173    .data               delay.o
    0x20000038   0x08002140   0x00000010   Data   RW          221    .data               enc28j60.o
    0x20000048   0x08002150   0x00000010   Data   RW          313    .data               net.o
    0x20000058   0x08002160   0x00000008   Data   RW          394    .data               tcp.o
    0x20000060        -       0x00000200   Zero   RW           68    .bss                main.o
    0x20000260        -       0x00000032   Zero   RW          135    .bss                arp.o
    0x20000292        -       0x0000043c   Zero   RW          312    .bss                net.o
    0x200006ce   0x08002168   0x00000002   PAD
    0x200006d0        -       0x00000038   Zero   RW          393    .bss                tcp.o
    0x20000708        -       0x000000e4   Zero   RW          554    .bss                c_w.l(rand.o)
    0x200007ec        -       0x00000060   Zero   RW          659    .bss                c_w.l(libspace.o)
    0x2000084c   0x08002168   0x00000004   PAD
    0x20000850        -       0x00000400   Zero   RW            2    HEAP                startup_stm32f10x_md_vl.o
    0x20000c50        -       0x00000600   Zero   RW            1    STACK               startup_stm32f10x_md_vl.o


==============================================================================

Image component sizes


      Code (inc. data)   RO Data    RW Data    ZI Data      Debug   Object Name

       464         44          0         17         50       3458   arp.o
        32          0          0          0          0       5016   core_cm3.o
       144         22          0          4          0      17327   delay.o
      1224         74          0         16          0       8641   enc28j60.o
       186         26          0          0          0       2132   flash.o
       980        144         13         32        512       6524   main.o
       688         36          0         16       1084       6249   net.o
        64         26        288          0       2560        808   startup_stm32f10x_md_vl.o
       328         28          0          0          0     203397   system_stm32f10x.o
      3044         54          0          8         56       5648   tcp.o

    ----------------------------------------------------------------------
      7162        454        336         96       4264     259200   Object Totals
         0          0         32          0          0          0   (incl. Generated)
         8          0          3          3          2          0   (incl. Padding)

    ----------------------------------------------------------------------

      Code (inc. data)   RO Data    RW Data    ZI Data      Debug   Library Member Name

         8          0          0          0          0         68   __main.o
         0          0          0          0          0          0   __rtentry.o
        12          0          0          0          0          0   __rtentry2.o
         6          0          0          0          0          0   __rtentry4.o
        52          8          0          0          0          0   __scatter.o
        26          0          0          0          0          0   __scatter_copy.o
        28          0          0          0          0          0   __scatter_zi.o
        18          0          0          0          0         80   exit.o
         6          0          0          0          0        152   heapauxi.o
         0          0          0          0          0          0   indicate_semi.o
         2          0          0          0          0          0   libinit.o
         6          0          0          0          0          0   libinit2.o
         2          0          0          0          0          0   libshutdown.o
         2          0          0          0          0          0   libshutdown2.o
         8          4          0          0         96         68   libspace.o
       238          0          0          0          0        100   lludivv7m.o
        88          0          0          0          0         76   memcmp.o
       112         18          0          0        228        160   rand.o
       138          0          0          0          0         68   rt_memcpy_v6.o
       100          0          0          0          0         80   rt_memcpy_w.o
         2          0          0          0          0          0   rtexit.o
        10          0          0          0          0          0   rtexit2.o
        12          4          0          0          0         68   sys_exit.o
        74          0          0          0          0         80   sys_stackheap_outer.o
         2          0          0          0          0         68   use_no_semi.o

    ----------------------------------------------------------------------
       958         34          0          0        328       1068   Library Totals
         6          0          0          0          4          0   (incl. Padding)

    ----------------------------------------------------------------------

      Code (inc. data)   RO Data    RW Data    ZI Data      Debug   Library Name

       952         34          0          0        324       1068   c_w.l

    ----------------------------------------------------------------------
       958         34          0          0        328       1068   Library Totals

    ----------------------------------------------------------------------

==============================================================================


      Code (inc. data)   RO Data    RW Data    ZI Data      Debug   

      8120        488        336         96       4592     257196   Grand Totals
      8120        488        336         96       4592     257196   ELF Image Totals
      8120        488        336         96          0          0   ROM Totals

==============================================================================

    Total RO  Size (Code + RO Data)                 8456 (   8.26kB)
    Total RW  Size (RW Data + ZI Data)              4688 (   4.58kB)
    Total ROM Size (Code + RO Data + RW Data)       8552 (   8.35kB)

==============================================================================

