Component: ARM Compiler 5.06 update 6 (build 750) Tool: armlink [4d35ed]

==============================================================================

Section Cross References

    main.o(i.main) refers to delay.o(i.delayInit) for delayInit
    main.o(i.main) refers to net.o(i.netInit) for netInit
    main.o(i.main) refers to delay.o(i.delay_ms) for delay_ms
    main.o(i.main) refers to tcp.o(i.tcpCreate) for tcpCreate
    main.o(i.main) refers to tcp.o(i.tcpListen) for tcpListen
    main.o(i.main) refers to net.o(i.netPool) for netPool
    main.o(i.main) refers to tcp.o(i.tcpRead) for tcpRead
    main.o(i.main) refers to memcmp.o(.text) for memcmp
    main.o(i.main) refers to tcp.o(i.tcpSendData) for tcpSendData
    main.o(i.main) refers to flash.o(i.flashUnlock) for flashUnlock
    main.o(i.main) refers to flash.o(i.flashWriteData) for flashWriteData
    main.o(i.main) refers to flash.o(i.flashLock) for flashLock
    main.o(i.main) refers to tcp.o(i.tcpClose) for tcpClose
    main.o(i.main) refers to tcp.o(i.getTcpStatus) for getTcpStatus
    delay.o(i.SysTick_Handler) refers to delay.o(i.timingDelayDecrement) for timingDelayDecrement
    delay.o(i.delay_ms) refers to delay.o(.data) for TimingDelay
    delay.o(i.timingDelayDecrement) refers to delay.o(.data) for TimingDelay
    enc28j60.o(i.enc28j60Init) refers to enc28j60.o(i.enc28j60WriteOp) for enc28j60WriteOp
    enc28j60.o(i.enc28j60Init) refers to delay.o(i.delay_ms) for delay_ms
    enc28j60.o(i.enc28j60Init) refers to enc28j60.o(i.enc28j60ReadOp) for enc28j60ReadOp
    enc28j60.o(i.enc28j60Init) refers to enc28j60.o(i.enc28j60WriteReg) for enc28j60WriteReg
    enc28j60.o(i.enc28j60Init) refers to enc28j60.o(i.enc28j60ReadRegByte) for enc28j60ReadRegByte
    enc28j60.o(i.enc28j60Init) refers to enc28j60.o(i.enc28j60WriteRegByte) for enc28j60WriteRegByte
    enc28j60.o(i.enc28j60Init) refers to enc28j60.o(i.enc28j60WritePhy) for enc28j60WritePhy
    enc28j60.o(i.enc28j60Init) refers to enc28j60.o(i.enc28j60SetBank) for enc28j60SetBank
    enc28j60.o(i.enc28j60Init) refers to enc28j60.o(.data) for macaddr
    enc28j60.o(i.enc28j60PacketReceive) refers to enc28j60.o(i.enc28j60ReadRegByte) for enc28j60ReadRegByte
    enc28j60.o(i.enc28j60PacketReceive) refers to enc28j60.o(i.enc28j60WriteReg) for enc28j60WriteReg
    enc28j60.o(i.enc28j60PacketReceive) refers to enc28j60.o(i.enc28j60ReadBuf) for enc28j60ReadBuf
    enc28j60.o(i.enc28j60PacketReceive) refers to enc28j60.o(i.enc28j60WriteOp) for enc28j60WriteOp
    enc28j60.o(i.enc28j60PacketReceive) refers to enc28j60.o(.data) for gNextPacketPtr
    enc28j60.o(i.enc28j60PacketSend) refers to enc28j60.o(i.enc28j60WriteOp) for enc28j60WriteOp
    enc28j60.o(i.enc28j60PacketSend) refers to enc28j60.o(i.enc28j60ReadOp) for enc28j60ReadOp
    enc28j60.o(i.enc28j60PacketSend) refers to enc28j60.o(i.enc28j60WriteReg) for enc28j60WriteReg
    enc28j60.o(i.enc28j60PacketSend) refers to enc28j60.o(i.enc28j60WriteBuf) for enc28j60WriteBuf
    enc28j60.o(i.enc28j60PacketSend) refers to delay.o(i.delay_ms) for delay_ms
    enc28j60.o(i.enc28j60ReadBuf) refers to enc28j60.o(i.spiTransmit) for spiTransmit
    enc28j60.o(i.enc28j60ReadBuf) refers to enc28j60.o(i.spiTranmittRecive) for spiTranmittRecive
    enc28j60.o(i.enc28j60ReadOp) refers to enc28j60.o(i.spiTransmit) for spiTransmit
    enc28j60.o(i.enc28j60ReadOp) refers to enc28j60.o(i.spiRecive) for spiRecive
    enc28j60.o(i.enc28j60ReadRegByte) refers to enc28j60.o(i.enc28j60SetBank) for enc28j60SetBank
    enc28j60.o(i.enc28j60ReadRegByte) refers to enc28j60.o(i.enc28j60ReadOp) for enc28j60ReadOp
    enc28j60.o(i.enc28j60SetBank) refers to enc28j60.o(i.enc28j60WriteOp) for enc28j60WriteOp
    enc28j60.o(i.enc28j60SetBank) refers to enc28j60.o(.data) for Enc28j60Bank
    enc28j60.o(i.enc28j60WriteBuf) refers to enc28j60.o(i.spiTransmit) for spiTransmit
    enc28j60.o(i.enc28j60WriteOp) refers to enc28j60.o(i.spiTransmit) for spiTransmit
    enc28j60.o(i.enc28j60WritePhy) refers to enc28j60.o(i.enc28j60WriteRegByte) for enc28j60WriteRegByte
    enc28j60.o(i.enc28j60WritePhy) refers to enc28j60.o(i.enc28j60WriteReg) for enc28j60WriteReg
    enc28j60.o(i.enc28j60WritePhy) refers to enc28j60.o(i.enc28j60ReadRegByte) for enc28j60ReadRegByte
    enc28j60.o(i.enc28j60WriteReg) refers to enc28j60.o(i.enc28j60WriteRegByte) for enc28j60WriteRegByte
    enc28j60.o(i.enc28j60WriteRegByte) refers to enc28j60.o(i.enc28j60SetBank) for enc28j60SetBank
    enc28j60.o(i.enc28j60WriteRegByte) refers to enc28j60.o(i.enc28j60WriteOp) for enc28j60WriteOp
    enc28j60.o(i.spiRecive) refers to enc28j60.o(i.spiTranmittRecive) for spiTranmittRecive
    enc28j60.o(i.spiTransmit) refers to enc28j60.o(i.spiTranmittRecive) for spiTranmittRecive
    net.o(i.ethReSend) refers to enc28j60.o(i.enc28j60PacketSend) for enc28j60PacketSend
    net.o(i.ethReSend) refers to enc28j60.o(.data) for macaddr
    net.o(i.ethRead) refers to arp.o(i.arpFilter) for arpFilter
    net.o(i.ethRead) refers to net.o(i.ipRead) for ipRead
    net.o(i.ethSend) refers to enc28j60.o(i.enc28j60PacketSend) for enc28j60PacketSend
    net.o(i.icmpRead) refers to net.o(i.checksum) for checksum
    net.o(i.icmpRead) refers to net.o(i.ipReSend) for ipReSend
    net.o(i.ipReSend) refers to net.o(i.checksum) for checksum
    net.o(i.ipReSend) refers to net.o(i.ethReSend) for ethReSend
    net.o(i.ipReSend) refers to net.o(.data) for ipaddr
    net.o(i.ipRead) refers to memcmp.o(.text) for memcmp
    net.o(i.ipRead) refers to net.o(i.icmpRead) for icmpRead
    net.o(i.ipRead) refers to tcp.o(i.tcpPool) for tcpPool
    net.o(i.ipRead) refers to net.o(.data) for ipaddr
    net.o(i.ipSend) refers to arp.o(i.arpResolve) for arpResolve
    net.o(i.ipSend) refers to net.o(i.checksum) for checksum
    net.o(i.ipSend) refers to net.o(i.ethSend) for ethSend
    net.o(i.ipSend) refers to net.o(.data) for ipaddr
    net.o(i.ipSend) refers to enc28j60.o(.data) for macaddr
    net.o(i.netInit) refers to enc28j60.o(i.spi1Init) for spi1Init
    net.o(i.netInit) refers to enc28j60.o(i.enc28j60Init) for enc28j60Init
    net.o(i.netPool) refers to enc28j60.o(i.enc28j60PacketReceive) for enc28j60PacketReceive
    net.o(i.netPool) refers to net.o(i.ethRead) for ethRead
    net.o(i.netPool) refers to net.o(.bss) for netBuf
    tcp.o(i.getTcpStatus) refers to tcp.o(.bss) for tcpStateConn
    tcp.o(i.tcpClose) refers to net.o(i.checksum) for checksum
    tcp.o(i.tcpClose) refers to net.o(i.ipSend) for ipSend
    tcp.o(i.tcpClose) refers to net.o(.bss) for netBuf
    tcp.o(i.tcpClose) refers to tcp.o(.bss) for tcpStateConn
    tcp.o(i.tcpCreate) refers to rand.o(.emb_text) for rand
    tcp.o(i.tcpCreate) refers to tcp.o(.bss) for tcpStateConn
    tcp.o(i.tcpFilter) refers to rand.o(.emb_text) for rand
    tcp.o(i.tcpFilter) refers to net.o(i.checksum) for checksum
    tcp.o(i.tcpFilter) refers to arp.o(i.arpAdd) for arpAdd
    tcp.o(i.tcpFilter) refers to net.o(i.ipSend) for ipSend
    tcp.o(i.tcpFilter) refers to tcp.o(.bss) for tcpStateConn
    tcp.o(i.tcpFilter) refers to tcp.o(.data) for numSeg
    tcp.o(i.tcpListen) refers to tcp.o(.bss) for tcpStateConn
    tcp.o(i.tcpPool) refers to tcp.o(i.tcpFilter) for tcpFilter
    tcp.o(i.tcpPool) refers to tcp.o(.bss) for tcpStateConn
    tcp.o(i.tcpRead) refers to tcp.o(.bss) for tcpStateConn
    tcp.o(i.tcpSendData) refers to rt_memcpy_v6.o(.text) for __aeabi_memcpy
    tcp.o(i.tcpSendData) refers to net.o(i.checksum) for checksum
    tcp.o(i.tcpSendData) refers to net.o(i.ipSend) for ipSend
    tcp.o(i.tcpSendData) refers to net.o(.bss) for netBuf
    tcp.o(i.tcpSendData) refers to tcp.o(.bss) for tcpStateConn
    arp.o(i.arpAdd) refers to arp.o(i.arpTableSearch) for arpTableSearch
    arp.o(i.arpAdd) refers to arp.o(.data) for arpPointer
    arp.o(i.arpAdd) refers to arp.o(.bss) for arpTbl
    arp.o(i.arpFilter) refers to memcmp.o(.text) for memcmp
    arp.o(i.arpFilter) refers to arp.o(i.arpAdd) for arpAdd
    arp.o(i.arpFilter) refers to net.o(i.ethSend) for ethSend
    arp.o(i.arpFilter) refers to net.o(.data) for ipaddr
    arp.o(i.arpFilter) refers to enc28j60.o(.data) for macaddr
    arp.o(i.arpResolve) refers to arp.o(i.arpTableSearch) for arpTableSearch
    arp.o(i.arpResolve) refers to net.o(i.ethSend) for ethSend
    arp.o(i.arpResolve) refers to net.o(.bss) for netBuf
    arp.o(i.arpResolve) refers to net.o(.data) for ipaddr
    arp.o(i.arpResolve) refers to enc28j60.o(.data) for macaddr
    arp.o(i.arpResolve) refers to arp.o(.data) for arpRequestMac
    arp.o(i.arpTableSearch) refers to memcmp.o(.text) for memcmp
    arp.o(i.arpTableSearch) refers to arp.o(.bss) for arpTbl
    startup_stm32f10x_md.o(STACK) refers (Special) to heapauxi.o(.text) for __use_two_region_memory
    startup_stm32f10x_md.o(HEAP) refers (Special) to heapauxi.o(.text) for __use_two_region_memory
    startup_stm32f10x_md.o(RESET) refers (Special) to heapauxi.o(.text) for __use_two_region_memory
    startup_stm32f10x_md.o(RESET) refers to startup_stm32f10x_md.o(STACK) for __initial_sp
    startup_stm32f10x_md.o(RESET) refers to startup_stm32f10x_md.o(.text) for Reset_Handler
    startup_stm32f10x_md.o(RESET) refers to delay.o(i.SysTick_Handler) for SysTick_Handler
    startup_stm32f10x_md.o(.text) refers (Special) to heapauxi.o(.text) for __use_two_region_memory
    startup_stm32f10x_md.o(.text) refers to system_stm32f10x.o(i.SystemInit) for SystemInit
    startup_stm32f10x_md.o(.text) refers to __main.o(!!!main) for __main
    startup_stm32f10x_md.o(.text) refers to startup_stm32f10x_md.o(HEAP) for Heap_Mem
    startup_stm32f10x_md.o(.text) refers to startup_stm32f10x_md.o(STACK) for Stack_Mem
    system_stm32f10x.o(i.SetSysClock) refers to system_stm32f10x.o(i.SetSysClockTo72) for SetSysClockTo72
    system_stm32f10x.o(i.SystemCoreClockUpdate) refers to system_stm32f10x.o(.data) for SystemCoreClock
    system_stm32f10x.o(i.SystemInit) refers to system_stm32f10x.o(i.SetSysClock) for SetSysClock
    rand.o(.emb_text) refers (Special) to libinit2.o(.ARM.Collect$$libinit$$0000000D) for __rt_lib_init_rand_2
    rand.o(.emb_text) refers to rand.o(.text) for _rand_init
    rand.o(.emb_text) refers to rand.o(.bss) for _random_number_data
    rand.o(.text) refers (Special) to libinit2.o(.ARM.Collect$$libinit$$0000000D) for __rt_lib_init_rand_2
    rand.o(.text) refers to rand.o(.bss) for .bss
    rand.o(.bss) refers (Special) to libinit2.o(.ARM.Collect$$libinit$$0000000D) for __rt_lib_init_rand_2
    rt_memcpy_v6.o(.text) refers to rt_memcpy_w.o(.text) for __aeabi_memcpy4
    __main.o(!!!main) refers to __rtentry.o(.ARM.Collect$$rtentry$$00000000) for __rt_entry
    __rtentry.o(.ARM.Collect$$rtentry$$00000000) refers (Special) to __rtentry2.o(.ARM.Collect$$rtentry$$0000000A) for __rt_entry_li
    __rtentry.o(.ARM.Collect$$rtentry$$00000000) refers (Special) to __rtentry2.o(.ARM.Collect$$rtentry$$0000000D) for __rt_entry_main
    __rtentry.o(.ARM.Collect$$rtentry$$00000000) refers (Special) to __rtentry2.o(.ARM.Collect$$rtentry$$0000000C) for __rt_entry_postli_1
    __rtentry.o(.ARM.Collect$$rtentry$$00000000) refers (Special) to __rtentry2.o(.ARM.Collect$$rtentry$$00000009) for __rt_entry_postsh_1
    __rtentry.o(.ARM.Collect$$rtentry$$00000000) refers (Special) to __rtentry2.o(.ARM.Collect$$rtentry$$00000002) for __rt_entry_presh_1
    __rtentry.o(.ARM.Collect$$rtentry$$00000000) refers (Special) to __rtentry4.o(.ARM.Collect$$rtentry$$00000004) for __rt_entry_sh
    libinit2.o(.ARM.Collect$$libinit$$0000000D) refers (Weak) to rand.o(.text) for _rand_init
    libinit2.o(.ARM.Collect$$libinit$$00000010) refers to libinit2.o(.ARM.Collect$$libinit$$0000000F) for .ARM.Collect$$libinit$$0000000F
    libinit2.o(.ARM.Collect$$libinit$$00000012) refers to libinit2.o(.ARM.Collect$$libinit$$0000000F) for .ARM.Collect$$libinit$$0000000F
    libinit2.o(.ARM.Collect$$libinit$$00000014) refers to libinit2.o(.ARM.Collect$$libinit$$0000000F) for .ARM.Collect$$libinit$$0000000F
    libinit2.o(.ARM.Collect$$libinit$$00000016) refers to libinit2.o(.ARM.Collect$$libinit$$0000000F) for .ARM.Collect$$libinit$$0000000F
    libinit2.o(.ARM.Collect$$libinit$$00000018) refers to libinit2.o(.ARM.Collect$$libinit$$0000000F) for .ARM.Collect$$libinit$$0000000F
    libinit2.o(.ARM.Collect$$libinit$$00000026) refers to argv_veneer.o(.emb_text) for __ARM_argv_veneer
    libinit2.o(.ARM.Collect$$libinit$$00000027) refers to argv_veneer.o(.emb_text) for __ARM_argv_veneer
    __rtentry2.o(.ARM.Collect$$rtentry$$00000008) refers to boardinit2.o(.text) for _platform_post_stackheap_init
    __rtentry2.o(.ARM.Collect$$rtentry$$0000000A) refers to libinit.o(.ARM.Collect$$libinit$$00000000) for __rt_lib_init
    __rtentry2.o(.ARM.Collect$$rtentry$$0000000B) refers to boardinit3.o(.text) for _platform_post_lib_init
    __rtentry2.o(.ARM.Collect$$rtentry$$0000000D) refers to main.o(i.main) for main
    __rtentry2.o(.ARM.Collect$$rtentry$$0000000D) refers to exit.o(.text) for exit
    __rtentry2.o(.ARM.exidx) refers to __rtentry2.o(.ARM.Collect$$rtentry$$00000001) for .ARM.Collect$$rtentry$$00000001
    __rtentry2.o(.ARM.exidx) refers to __rtentry2.o(.ARM.Collect$$rtentry$$00000008) for .ARM.Collect$$rtentry$$00000008
    __rtentry2.o(.ARM.exidx) refers to __rtentry2.o(.ARM.Collect$$rtentry$$0000000A) for .ARM.Collect$$rtentry$$0000000A
    __rtentry2.o(.ARM.exidx) refers to __rtentry2.o(.ARM.Collect$$rtentry$$0000000B) for .ARM.Collect$$rtentry$$0000000B
    __rtentry2.o(.ARM.exidx) refers to __rtentry2.o(.ARM.Collect$$rtentry$$0000000D) for .ARM.Collect$$rtentry$$0000000D
    __rtentry4.o(.ARM.Collect$$rtentry$$00000004) refers to sys_stackheap_outer.o(.text) for __user_setup_stackheap
    __rtentry4.o(.ARM.exidx) refers to __rtentry4.o(.ARM.Collect$$rtentry$$00000004) for .ARM.Collect$$rtentry$$00000004
    argv_veneer.o(.emb_text) refers to no_argv.o(.text) for __ARM_get_argv
    sys_stackheap_outer.o(.text) refers to libspace.o(.text) for __user_perproc_libspace
    sys_stackheap_outer.o(.text) refers to startup_stm32f10x_md.o(.text) for __user_initial_stackheap
    exit.o(.text) refers to rtexit.o(.ARM.Collect$$rtexit$$00000000) for __rt_exit
    _get_argv_nomalloc.o(.text) refers (Special) to hrguard.o(.text) for __heap_region$guard
    _get_argv_nomalloc.o(.text) refers to defsig_rtmem_outer.o(.text) for __rt_SIGRTMEM
    _get_argv_nomalloc.o(.text) refers to sys_command.o(.text) for _sys_command_string
    libinit.o(.ARM.Collect$$libinit$$00000000) refers (Special) to libinit2.o(.ARM.Collect$$libinit$$0000002E) for __rt_lib_init_alloca_1
    libinit.o(.ARM.Collect$$libinit$$00000000) refers (Special) to libinit2.o(.ARM.Collect$$libinit$$0000002C) for __rt_lib_init_argv_1
    libinit.o(.ARM.Collect$$libinit$$00000000) refers (Special) to libinit2.o(.ARM.Collect$$libinit$$0000001B) for __rt_lib_init_atexit_1
    libinit.o(.ARM.Collect$$libinit$$00000000) refers (Special) to libinit2.o(.ARM.Collect$$libinit$$00000021) for __rt_lib_init_clock_1
    libinit.o(.ARM.Collect$$libinit$$00000000) refers (Special) to libinit2.o(.ARM.Collect$$libinit$$00000032) for __rt_lib_init_cpp_1
    libinit.o(.ARM.Collect$$libinit$$00000000) refers (Special) to libinit2.o(.ARM.Collect$$libinit$$00000030) for __rt_lib_init_exceptions_1
    libinit.o(.ARM.Collect$$libinit$$00000000) refers (Special) to libinit2.o(.ARM.Collect$$libinit$$00000002) for __rt_lib_init_fp_1
    libinit.o(.ARM.Collect$$libinit$$00000000) refers (Special) to libinit2.o(.ARM.Collect$$libinit$$0000001F) for __rt_lib_init_fp_trap_1
    libinit.o(.ARM.Collect$$libinit$$00000000) refers (Special) to libinit2.o(.ARM.Collect$$libinit$$00000023) for __rt_lib_init_getenv_1
    libinit.o(.ARM.Collect$$libinit$$00000000) refers (Special) to libinit2.o(.ARM.Collect$$libinit$$0000000A) for __rt_lib_init_heap_1
    libinit.o(.ARM.Collect$$libinit$$00000000) refers (Special) to libinit2.o(.ARM.Collect$$libinit$$00000011) for __rt_lib_init_lc_collate_1
    libinit.o(.ARM.Collect$$libinit$$00000000) refers (Special) to libinit2.o(.ARM.Collect$$libinit$$00000013) for __rt_lib_init_lc_ctype_1
    libinit.o(.ARM.Collect$$libinit$$00000000) refers (Special) to libinit2.o(.ARM.Collect$$libinit$$00000015) for __rt_lib_init_lc_monetary_1
    libinit.o(.ARM.Collect$$libinit$$00000000) refers (Special) to libinit2.o(.ARM.Collect$$libinit$$00000017) for __rt_lib_init_lc_numeric_1
    libinit.o(.ARM.Collect$$libinit$$00000000) refers (Special) to libinit2.o(.ARM.Collect$$libinit$$00000019) for __rt_lib_init_lc_time_1
    libinit.o(.ARM.Collect$$libinit$$00000000) refers (Special) to libinit2.o(.ARM.Collect$$libinit$$00000004) for __rt_lib_init_preinit_1
    libinit.o(.ARM.Collect$$libinit$$00000000) refers (Special) to libinit2.o(.ARM.Collect$$libinit$$0000000E) for __rt_lib_init_rand_1
    libinit.o(.ARM.Collect$$libinit$$00000000) refers (Special) to libinit2.o(.ARM.Collect$$libinit$$00000033) for __rt_lib_init_return
    libinit.o(.ARM.Collect$$libinit$$00000000) refers (Special) to libinit2.o(.ARM.Collect$$libinit$$0000001D) for __rt_lib_init_signal_1
    libinit.o(.ARM.Collect$$libinit$$00000000) refers (Special) to libinit2.o(.ARM.Collect$$libinit$$00000025) for __rt_lib_init_stdio_1
    libinit.o(.ARM.Collect$$libinit$$00000000) refers (Special) to libinit2.o(.ARM.Collect$$libinit$$0000000C) for __rt_lib_init_user_alloc_1
    sys_command.o(.text) refers (Special) to use_no_semi.o(.text) for __I$use$semihosting
    sys_command.o(.text) refers (Special) to indicate_semi.o(.text) for __semihosting_library_function
    libspace.o(.text) refers to libspace.o(.bss) for __libspace_start
    rtexit.o(.ARM.Collect$$rtexit$$00000000) refers (Special) to rtexit2.o(.ARM.Collect$$rtexit$$00000004) for __rt_exit_exit
    rtexit.o(.ARM.Collect$$rtexit$$00000000) refers (Special) to rtexit2.o(.ARM.Collect$$rtexit$$00000003) for __rt_exit_ls
    rtexit.o(.ARM.Collect$$rtexit$$00000000) refers (Special) to rtexit2.o(.ARM.Collect$$rtexit$$00000002) for __rt_exit_prels_1
    rtexit.o(.ARM.exidx) refers (Special) to rtexit2.o(.ARM.Collect$$rtexit$$00000004) for __rt_exit_exit
    rtexit.o(.ARM.exidx) refers (Special) to rtexit2.o(.ARM.Collect$$rtexit$$00000003) for __rt_exit_ls
    rtexit.o(.ARM.exidx) refers (Special) to rtexit2.o(.ARM.Collect$$rtexit$$00000002) for __rt_exit_prels_1
    rtexit.o(.ARM.exidx) refers to rtexit.o(.ARM.Collect$$rtexit$$00000000) for .ARM.Collect$$rtexit$$00000000
    defsig_rtmem_outer.o(.text) refers to defsig_rtmem_inner.o(.text) for __rt_SIGRTMEM_inner
    defsig_rtmem_outer.o(.text) refers to defsig_exit.o(.text) for __sig_exit
    defsig_rtmem_formal.o(.text) refers to rt_raise.o(.text) for __rt_raise
    rtexit2.o(.ARM.Collect$$rtexit$$00000003) refers to libshutdown.o(.ARM.Collect$$libshutdown$$00000000) for __rt_lib_shutdown
    rtexit2.o(.ARM.Collect$$rtexit$$00000004) refers to sys_exit.o(.text) for _sys_exit
    rtexit2.o(.ARM.exidx) refers to rtexit2.o(.ARM.Collect$$rtexit$$00000001) for .ARM.Collect$$rtexit$$00000001
    rtexit2.o(.ARM.exidx) refers to rtexit2.o(.ARM.Collect$$rtexit$$00000003) for .ARM.Collect$$rtexit$$00000003
    rtexit2.o(.ARM.exidx) refers to rtexit2.o(.ARM.Collect$$rtexit$$00000004) for .ARM.Collect$$rtexit$$00000004
    rt_raise.o(.text) refers to __raise.o(.text) for __raise
    rt_raise.o(.text) refers to sys_exit.o(.text) for _sys_exit
    defsig_exit.o(.text) refers to sys_exit.o(.text) for _sys_exit
    defsig_rtmem_inner.o(.text) refers to defsig_general.o(.text) for __default_signal_display
    sys_exit.o(.text) refers (Special) to use_no_semi.o(.text) for __I$use$semihosting
    sys_exit.o(.text) refers (Special) to indicate_semi.o(.text) for __semihosting_library_function
    __raise.o(.text) refers to defsig.o(CL$$defsig) for __default_signal_handler
    defsig_general.o(.text) refers to sys_wrch.o(.text) for _ttywrch
    libshutdown.o(.ARM.Collect$$libshutdown$$00000000) refers (Special) to libshutdown2.o(.ARM.Collect$$libshutdown$$00000002) for __rt_lib_shutdown_cpp_1
    libshutdown.o(.ARM.Collect$$libshutdown$$00000000) refers (Special) to libshutdown2.o(.ARM.Collect$$libshutdown$$00000007) for __rt_lib_shutdown_fp_trap_1
    libshutdown.o(.ARM.Collect$$libshutdown$$00000000) refers (Special) to libshutdown2.o(.ARM.Collect$$libshutdown$$0000000F) for __rt_lib_shutdown_heap_1
    libshutdown.o(.ARM.Collect$$libshutdown$$00000000) refers (Special) to libshutdown2.o(.ARM.Collect$$libshutdown$$00000010) for __rt_lib_shutdown_return
    libshutdown.o(.ARM.Collect$$libshutdown$$00000000) refers (Special) to libshutdown2.o(.ARM.Collect$$libshutdown$$0000000A) for __rt_lib_shutdown_signal_1
    libshutdown.o(.ARM.Collect$$libshutdown$$00000000) refers (Special) to libshutdown2.o(.ARM.Collect$$libshutdown$$00000004) for __rt_lib_shutdown_stdio_1
    libshutdown.o(.ARM.Collect$$libshutdown$$00000000) refers (Special) to libshutdown2.o(.ARM.Collect$$libshutdown$$0000000C) for __rt_lib_shutdown_user_alloc_1
    sys_wrch.o(.text) refers (Special) to use_no_semi.o(.text) for __I$use$semihosting
    sys_wrch.o(.text) refers (Special) to indicate_semi.o(.text) for __semihosting_library_function
    defsig.o(CL$$defsig) refers to defsig_rtmem_inner.o(.text) for __rt_SIGRTMEM_inner
    defsig_abrt_inner.o(.text) refers to defsig_general.o(.text) for __default_signal_display
    defsig_fpe_inner.o(.text) refers to defsig_general.o(.text) for __default_signal_display
    defsig_rtred_inner.o(.text) refers to defsig_general.o(.text) for __default_signal_display
    defsig_stak_inner.o(.text) refers to defsig_general.o(.text) for __default_signal_display
    defsig_pvfn_inner.o(.text) refers to defsig_general.o(.text) for __default_signal_display
    defsig_cppl_inner.o(.text) refers to defsig_general.o(.text) for __default_signal_display
    defsig_segv_inner.o(.text) refers to defsig_general.o(.text) for __default_signal_display
    defsig_other.o(.text) refers to defsig_general.o(.text) for __default_signal_display


==============================================================================

Removing Unused input sections from the image.

    Removing main.o(.rev16_text), (4 bytes).
    Removing main.o(.revsh_text), (4 bytes).
    Removing main.o(.rrx_text), (6 bytes).
    Removing main.o(.data), (4 bytes).
    Removing delay.o(.rev16_text), (4 bytes).
    Removing delay.o(.revsh_text), (4 bytes).
    Removing delay.o(.rrx_text), (6 bytes).
    Removing enc28j60.o(.rev16_text), (4 bytes).
    Removing enc28j60.o(.revsh_text), (4 bytes).
    Removing enc28j60.o(.rrx_text), (6 bytes).
    Removing flash.o(.rev16_text), (4 bytes).
    Removing flash.o(.revsh_text), (4 bytes).
    Removing flash.o(.rrx_text), (6 bytes).
    Removing flash.o(i.flashPageErase), (56 bytes).
    Removing net.o(.rev16_text), (4 bytes).
    Removing net.o(.revsh_text), (4 bytes).
    Removing net.o(.rrx_text), (6 bytes).
    Removing rcc.o(.rev16_text), (4 bytes).
    Removing rcc.o(.revsh_text), (4 bytes).
    Removing rcc.o(.rrx_text), (6 bytes).
    Removing rcc.o(i.RccClockInit), (220 bytes).
    Removing tcp.o(.rev16_text), (4 bytes).
    Removing tcp.o(.revsh_text), (4 bytes).
    Removing tcp.o(.rrx_text), (6 bytes).
    Removing arp.o(.rev16_text), (4 bytes).
    Removing arp.o(.revsh_text), (4 bytes).
    Removing arp.o(.rrx_text), (6 bytes).
    Removing system_stm32f10x.o(.rev16_text), (4 bytes).
    Removing system_stm32f10x.o(.revsh_text), (4 bytes).
    Removing system_stm32f10x.o(.rrx_text), (6 bytes).
    Removing system_stm32f10x.o(i.SystemCoreClockUpdate), (164 bytes).
    Removing system_stm32f10x.o(.data), (20 bytes).

32 unused section(s) (total 590 bytes) removed from the image.

==============================================================================

Image Symbol Table

    Local Symbols

    Symbol Name                              Value     Ov Type        Size  Object(Section)

    ../clib/angel/boardlib.s                 0x00000000   Number         0  boardinit1.o ABSOLUTE
    ../clib/angel/boardlib.s                 0x00000000   Number         0  boardinit2.o ABSOLUTE
    ../clib/angel/boardlib.s                 0x00000000   Number         0  boardinit3.o ABSOLUTE
    ../clib/angel/boardlib.s                 0x00000000   Number         0  boardshut.o ABSOLUTE
    ../clib/angel/handlers.s                 0x00000000   Number         0  __scatter_zi.o ABSOLUTE
    ../clib/angel/handlers.s                 0x00000000   Number         0  __scatter_copy.o ABSOLUTE
    ../clib/angel/kernel.s                   0x00000000   Number         0  rtexit.o ABSOLUTE
    ../clib/angel/kernel.s                   0x00000000   Number         0  rtexit2.o ABSOLUTE
    ../clib/angel/kernel.s                   0x00000000   Number         0  __rtentry.o ABSOLUTE
    ../clib/angel/kernel.s                   0x00000000   Number         0  __rtentry4.o ABSOLUTE
    ../clib/angel/kernel.s                   0x00000000   Number         0  __rtentry2.o ABSOLUTE
    ../clib/angel/rt.s                       0x00000000   Number         0  rt_raise.o ABSOLUTE
    ../clib/angel/scatter.s                  0x00000000   Number         0  __scatter.o ABSOLUTE
    ../clib/angel/startup.s                  0x00000000   Number         0  __main.o ABSOLUTE
    ../clib/angel/sys.s                      0x00000000   Number         0  sys_stackheap_outer.o ABSOLUTE
    ../clib/angel/sys.s                      0x00000000   Number         0  libspace.o ABSOLUTE
    ../clib/angel/sys.s                      0x00000000   Number         0  use_no_semi.o ABSOLUTE
    ../clib/angel/sys.s                      0x00000000   Number         0  indicate_semi.o ABSOLUTE
    ../clib/angel/sysapp.c                   0x00000000   Number         0  sys_command.o ABSOLUTE
    ../clib/angel/sysapp.c                   0x00000000   Number         0  sys_wrch.o ABSOLUTE
    ../clib/angel/sysapp.c                   0x00000000   Number         0  sys_exit.o ABSOLUTE
    ../clib/armsys.c                         0x00000000   Number         0  _get_argv_nomalloc.o ABSOLUTE
    ../clib/armsys.c                         0x00000000   Number         0  no_argv.o ABSOLUTE
    ../clib/armsys.c                         0x00000000   Number         0  argv_veneer.o ABSOLUTE
    ../clib/armsys.c                         0x00000000   Number         0  argv_veneer.o ABSOLUTE
    ../clib/heapalloc.c                      0x00000000   Number         0  hrguard.o ABSOLUTE
    ../clib/heapaux.c                        0x00000000   Number         0  heapauxi.o ABSOLUTE
    ../clib/libinit.s                        0x00000000   Number         0  libinit2.o ABSOLUTE
    ../clib/libinit.s                        0x00000000   Number         0  libshutdown.o ABSOLUTE
    ../clib/libinit.s                        0x00000000   Number         0  libshutdown2.o ABSOLUTE
    ../clib/libinit.s                        0x00000000   Number         0  libinit.o ABSOLUTE
    ../clib/memcpset.s                       0x00000000   Number         0  rt_memcpy_w.o ABSOLUTE
    ../clib/memcpset.s                       0x00000000   Number         0  rt_memcpy_v6.o ABSOLUTE
    ../clib/signal.c                         0x00000000   Number         0  defsig_rtred_inner.o ABSOLUTE
    ../clib/signal.c                         0x00000000   Number         0  defsig_fpe_inner.o ABSOLUTE
    ../clib/signal.c                         0x00000000   Number         0  defsig_rtmem_outer.o ABSOLUTE
    ../clib/signal.c                         0x00000000   Number         0  defsig_abrt_inner.o ABSOLUTE
    ../clib/signal.c                         0x00000000   Number         0  defsig_rtmem_formal.o ABSOLUTE
    ../clib/signal.c                         0x00000000   Number         0  defsig_exit.o ABSOLUTE
    ../clib/signal.c                         0x00000000   Number         0  __raise.o ABSOLUTE
    ../clib/signal.c                         0x00000000   Number         0  defsig_other.o ABSOLUTE
    ../clib/signal.c                         0x00000000   Number         0  defsig_rtmem_inner.o ABSOLUTE
    ../clib/signal.c                         0x00000000   Number         0  defsig_general.o ABSOLUTE
    ../clib/signal.c                         0x00000000   Number         0  defsig_segv_inner.o ABSOLUTE
    ../clib/signal.c                         0x00000000   Number         0  defsig_cppl_inner.o ABSOLUTE
    ../clib/signal.c                         0x00000000   Number         0  defsig_pvfn_inner.o ABSOLUTE
    ../clib/signal.c                         0x00000000   Number         0  defsig_stak_inner.o ABSOLUTE
    ../clib/signal.s                         0x00000000   Number         0  defsig.o ABSOLUTE
    ../clib/stdlib.c                         0x00000000   Number         0  rand.o ABSOLUTE
    ../clib/stdlib.c                         0x00000000   Number         0  rand.o ABSOLUTE
    ../clib/stdlib.c                         0x00000000   Number         0  exit.o ABSOLUTE
    ../clib/string.c                         0x00000000   Number         0  memcmp.o ABSOLUTE
    ../fplib/fpinit.s                        0x00000000   Number         0  fpinit.o ABSOLUTE
    Code\\src\\main.c                        0x00000000   Number         0  main.o ABSOLUTE
    Code\src\main.c                          0x00000000   Number         0  main.o ABSOLUTE
    RTE\Device\STM32F103C8\startup_stm32f10x_md.s 0x00000000   Number         0  startup_stm32f10x_md.o ABSOLUTE
    RTE\Device\STM32F103C8\system_stm32f10x.c 0x00000000   Number         0  system_stm32f10x.o ABSOLUTE
    RTE\\Device\\STM32F103C8\\system_stm32f10x.c 0x00000000   Number         0  system_stm32f10x.o ABSOLUTE
    dc.s                                     0x00000000   Number         0  dc.o ABSOLUTE
    lib\\src\\arp.c                          0x00000000   Number         0  arp.o ABSOLUTE
    lib\\src\\delay.c                        0x00000000   Number         0  delay.o ABSOLUTE
    lib\\src\\enc28j60.c                     0x00000000   Number         0  enc28j60.o ABSOLUTE
    lib\\src\\flash.c                        0x00000000   Number         0  flash.o ABSOLUTE
    lib\\src\\net.c                          0x00000000   Number         0  net.o ABSOLUTE
    lib\\src\\rcc.c                          0x00000000   Number         0  rcc.o ABSOLUTE
    lib\\src\\tcp.c                          0x00000000   Number         0  tcp.o ABSOLUTE
    lib\src\arp.c                            0x00000000   Number         0  arp.o ABSOLUTE
    lib\src\delay.c                          0x00000000   Number         0  delay.o ABSOLUTE
    lib\src\enc28j60.c                       0x00000000   Number         0  enc28j60.o ABSOLUTE
    lib\src\flash.c                          0x00000000   Number         0  flash.o ABSOLUTE
    lib\src\net.c                            0x00000000   Number         0  net.o ABSOLUTE
    lib\src\rcc.c                            0x00000000   Number         0  rcc.o ABSOLUTE
    lib\src\tcp.c                            0x00000000   Number         0  tcp.o ABSOLUTE
    RESET                                    0x08002400   Section      236  startup_stm32f10x_md.o(RESET)
    !!!main                                  0x080024ec   Section        8  __main.o(!!!main)
    !!!scatter                               0x080024f4   Section       52  __scatter.o(!!!scatter)
    !!handler_copy                           0x08002528   Section       26  __scatter_copy.o(!!handler_copy)
    !!handler_zi                             0x08002544   Section       28  __scatter_zi.o(!!handler_zi)
    .ARM.Collect$$libinit$$00000000          0x08002560   Section        2  libinit.o(.ARM.Collect$$libinit$$00000000)
    .ARM.Collect$$libinit$$00000002          0x08002562   Section        0  libinit2.o(.ARM.Collect$$libinit$$00000002)
    .ARM.Collect$$libinit$$00000004          0x08002562   Section        0  libinit2.o(.ARM.Collect$$libinit$$00000004)
    .ARM.Collect$$libinit$$0000000A          0x08002562   Section        0  libinit2.o(.ARM.Collect$$libinit$$0000000A)
    .ARM.Collect$$libinit$$0000000C          0x08002562   Section        0  libinit2.o(.ARM.Collect$$libinit$$0000000C)
    .ARM.Collect$$libinit$$0000000D          0x08002562   Section        4  libinit2.o(.ARM.Collect$$libinit$$0000000D)
    .ARM.Collect$$libinit$$0000000E          0x08002566   Section        0  libinit2.o(.ARM.Collect$$libinit$$0000000E)
    .ARM.Collect$$libinit$$00000011          0x08002566   Section        0  libinit2.o(.ARM.Collect$$libinit$$00000011)
    .ARM.Collect$$libinit$$00000013          0x08002566   Section        0  libinit2.o(.ARM.Collect$$libinit$$00000013)
    .ARM.Collect$$libinit$$00000015          0x08002566   Section        0  libinit2.o(.ARM.Collect$$libinit$$00000015)
    .ARM.Collect$$libinit$$00000017          0x08002566   Section        0  libinit2.o(.ARM.Collect$$libinit$$00000017)
    .ARM.Collect$$libinit$$00000019          0x08002566   Section        0  libinit2.o(.ARM.Collect$$libinit$$00000019)
    .ARM.Collect$$libinit$$0000001B          0x08002566   Section        0  libinit2.o(.ARM.Collect$$libinit$$0000001B)
    .ARM.Collect$$libinit$$0000001D          0x08002566   Section        0  libinit2.o(.ARM.Collect$$libinit$$0000001D)
    .ARM.Collect$$libinit$$0000001F          0x08002566   Section        0  libinit2.o(.ARM.Collect$$libinit$$0000001F)
    .ARM.Collect$$libinit$$00000021          0x08002566   Section        0  libinit2.o(.ARM.Collect$$libinit$$00000021)
    .ARM.Collect$$libinit$$00000023          0x08002566   Section        0  libinit2.o(.ARM.Collect$$libinit$$00000023)
    .ARM.Collect$$libinit$$00000025          0x08002566   Section        0  libinit2.o(.ARM.Collect$$libinit$$00000025)
    .ARM.Collect$$libinit$$0000002C          0x08002566   Section        0  libinit2.o(.ARM.Collect$$libinit$$0000002C)
    .ARM.Collect$$libinit$$0000002E          0x08002566   Section        0  libinit2.o(.ARM.Collect$$libinit$$0000002E)
    .ARM.Collect$$libinit$$00000030          0x08002566   Section        0  libinit2.o(.ARM.Collect$$libinit$$00000030)
    .ARM.Collect$$libinit$$00000032          0x08002566   Section        0  libinit2.o(.ARM.Collect$$libinit$$00000032)
    .ARM.Collect$$libinit$$00000033          0x08002566   Section        2  libinit2.o(.ARM.Collect$$libinit$$00000033)
    .ARM.Collect$$libshutdown$$00000000      0x08002568   Section        2  libshutdown.o(.ARM.Collect$$libshutdown$$00000000)
    .ARM.Collect$$libshutdown$$00000002      0x0800256a   Section        0  libshutdown2.o(.ARM.Collect$$libshutdown$$00000002)
    .ARM.Collect$$libshutdown$$00000004      0x0800256a   Section        0  libshutdown2.o(.ARM.Collect$$libshutdown$$00000004)
    .ARM.Collect$$libshutdown$$00000007      0x0800256a   Section        0  libshutdown2.o(.ARM.Collect$$libshutdown$$00000007)
    .ARM.Collect$$libshutdown$$0000000A      0x0800256a   Section        0  libshutdown2.o(.ARM.Collect$$libshutdown$$0000000A)
    .ARM.Collect$$libshutdown$$0000000C      0x0800256a   Section        0  libshutdown2.o(.ARM.Collect$$libshutdown$$0000000C)
    .ARM.Collect$$libshutdown$$0000000F      0x0800256a   Section        0  libshutdown2.o(.ARM.Collect$$libshutdown$$0000000F)
    .ARM.Collect$$libshutdown$$00000010      0x0800256a   Section        2  libshutdown2.o(.ARM.Collect$$libshutdown$$00000010)
    .ARM.Collect$$rtentry$$00000000          0x0800256c   Section        0  __rtentry.o(.ARM.Collect$$rtentry$$00000000)
    .ARM.Collect$$rtentry$$00000002          0x0800256c   Section        0  __rtentry2.o(.ARM.Collect$$rtentry$$00000002)
    .ARM.Collect$$rtentry$$00000004          0x0800256c   Section        6  __rtentry4.o(.ARM.Collect$$rtentry$$00000004)
    .ARM.Collect$$rtentry$$00000009          0x08002572   Section        0  __rtentry2.o(.ARM.Collect$$rtentry$$00000009)
    .ARM.Collect$$rtentry$$0000000A          0x08002572   Section        4  __rtentry2.o(.ARM.Collect$$rtentry$$0000000A)
    .ARM.Collect$$rtentry$$0000000C          0x08002576   Section        0  __rtentry2.o(.ARM.Collect$$rtentry$$0000000C)
    .ARM.Collect$$rtentry$$0000000D          0x08002576   Section        8  __rtentry2.o(.ARM.Collect$$rtentry$$0000000D)
    .ARM.Collect$$rtexit$$00000000           0x0800257e   Section        2  rtexit.o(.ARM.Collect$$rtexit$$00000000)
    .ARM.Collect$$rtexit$$00000002           0x08002580   Section        0  rtexit2.o(.ARM.Collect$$rtexit$$00000002)
    .ARM.Collect$$rtexit$$00000003           0x08002580   Section        4  rtexit2.o(.ARM.Collect$$rtexit$$00000003)
    .ARM.Collect$$rtexit$$00000004           0x08002584   Section        6  rtexit2.o(.ARM.Collect$$rtexit$$00000004)
    .emb_text                                0x0800258c   Section       52  rand.o(.emb_text)
    .text                                    0x080025c0   Section       64  startup_stm32f10x_md.o(.text)
    .text                                    0x08002600   Section        0  rand.o(.text)
    .text                                    0x0800263c   Section        0  memcmp.o(.text)
    .text                                    0x08002694   Section      138  rt_memcpy_v6.o(.text)
    .text                                    0x0800271e   Section        0  heapauxi.o(.text)
    .text                                    0x08002724   Section      100  rt_memcpy_w.o(.text)
    .text                                    0x08002788   Section       74  sys_stackheap_outer.o(.text)
    .text                                    0x080027d2   Section        0  exit.o(.text)
    .text                                    0x080027e4   Section        8  libspace.o(.text)
    .text                                    0x080027ec   Section        2  use_no_semi.o(.text)
    .text                                    0x080027ee   Section        0  indicate_semi.o(.text)
    .text                                    0x080027f0   Section        0  sys_exit.o(.text)
    i.SetSysClock                            0x080027fc   Section        0  system_stm32f10x.o(i.SetSysClock)
    SetSysClock                              0x080027fd   Thumb Code     8  system_stm32f10x.o(i.SetSysClock)
    i.SetSysClockTo72                        0x08002804   Section        0  system_stm32f10x.o(i.SetSysClockTo72)
    SetSysClockTo72                          0x08002805   Thumb Code   214  system_stm32f10x.o(i.SetSysClockTo72)
    i.SysTick_Handler                        0x080028e4   Section        0  delay.o(i.SysTick_Handler)
    i.SystemInit                             0x080028ec   Section        0  system_stm32f10x.o(i.SystemInit)
    i.arpAdd                                 0x0800294c   Section        0  arp.o(i.arpAdd)
    i.arpFilter                              0x080029a8   Section        0  arp.o(i.arpFilter)
    i.arpResolve                             0x08002a54   Section        0  arp.o(i.arpResolve)
    i.arpTableSearch                         0x08002ae0   Section        0  arp.o(i.arpTableSearch)
    i.checksum                               0x08002b1c   Section        0  net.o(i.checksum)
    i.delayInit                              0x08002b70   Section        0  delay.o(i.delayInit)
    i.delay_ms                               0x08002bc8   Section        0  delay.o(i.delay_ms)
    i.enc28j60Init                           0x08002be0   Section        0  enc28j60.o(i.enc28j60Init)
    i.enc28j60PacketReceive                  0x08002d2c   Section        0  enc28j60.o(i.enc28j60PacketReceive)
    i.enc28j60PacketSend                     0x08002dbc   Section        0  enc28j60.o(i.enc28j60PacketSend)
    i.enc28j60ReadBuf                        0x08002e24   Section        0  enc28j60.o(i.enc28j60ReadBuf)
    enc28j60ReadBuf                          0x08002e25   Thumb Code    60  enc28j60.o(i.enc28j60ReadBuf)
    i.enc28j60ReadOp                         0x08002e64   Section        0  enc28j60.o(i.enc28j60ReadOp)
    enc28j60ReadOp                           0x08002e65   Thumb Code    68  enc28j60.o(i.enc28j60ReadOp)
    i.enc28j60ReadRegByte                    0x08002eac   Section        0  enc28j60.o(i.enc28j60ReadRegByte)
    enc28j60ReadRegByte                      0x08002ead   Thumb Code    20  enc28j60.o(i.enc28j60ReadRegByte)
    i.enc28j60SetBank                        0x08002ec0   Section        0  enc28j60.o(i.enc28j60SetBank)
    enc28j60SetBank                          0x08002ec1   Thumb Code    50  enc28j60.o(i.enc28j60SetBank)
    i.enc28j60WriteBuf                       0x08002ef8   Section        0  enc28j60.o(i.enc28j60WriteBuf)
    enc28j60WriteBuf                         0x08002ef9   Thumb Code    58  enc28j60.o(i.enc28j60WriteBuf)
    i.enc28j60WriteOp                        0x08002f38   Section        0  enc28j60.o(i.enc28j60WriteOp)
    i.enc28j60WritePhy                       0x08002f70   Section        0  enc28j60.o(i.enc28j60WritePhy)
    enc28j60WritePhy                         0x08002f71   Thumb Code    40  enc28j60.o(i.enc28j60WritePhy)
    i.enc28j60WriteReg                       0x08002f98   Section        0  enc28j60.o(i.enc28j60WriteReg)
    enc28j60WriteReg                         0x08002f99   Thumb Code    26  enc28j60.o(i.enc28j60WriteReg)
    i.enc28j60WriteRegByte                   0x08002fb2   Section        0  enc28j60.o(i.enc28j60WriteRegByte)
    enc28j60WriteRegByte                     0x08002fb3   Thumb Code    24  enc28j60.o(i.enc28j60WriteRegByte)
    i.ethReSend                              0x08002fcc   Section        0  net.o(i.ethReSend)
    i.ethRead                                0x08002ffc   Section        0  net.o(i.ethRead)
    i.ethSend                                0x08003030   Section        0  net.o(i.ethSend)
    i.flashLock                              0x08003044   Section        0  flash.o(i.flashLock)
    i.flashUnlock                            0x08003058   Section        0  flash.o(i.flashUnlock)
    i.flashWriteData                         0x08003070   Section        0  flash.o(i.flashWriteData)
    i.getTcpStatus                           0x080030c0   Section        0  tcp.o(i.getTcpStatus)
    i.icmpRead                               0x080030f4   Section        0  net.o(i.icmpRead)
    i.ipReSend                               0x08003134   Section        0  net.o(i.ipReSend)
    i.ipRead                                 0x08003184   Section        0  net.o(i.ipRead)
    i.ipSend                                 0x080031e0   Section        0  net.o(i.ipSend)
    i.main                                   0x080032ac   Section        0  main.o(i.main)
    i.netInit                                0x080033dc   Section        0  net.o(i.netInit)
    i.netPool                                0x080033e8   Section        0  net.o(i.netPool)
    i.spi1Init                               0x08003408   Section        0  enc28j60.o(i.spi1Init)
    i.spiRecive                              0x080034a0   Section        0  enc28j60.o(i.spiRecive)
    i.spiTranmittRecive                      0x080034ac   Section        0  enc28j60.o(i.spiTranmittRecive)
    i.spiTransmit                            0x080034dc   Section        0  enc28j60.o(i.spiTransmit)
    i.tcpClose                               0x080034e8   Section        0  tcp.o(i.tcpClose)
    i.tcpCreate                              0x08003668   Section        0  tcp.o(i.tcpCreate)
    i.tcpFilter                              0x080036cc   Section        0  tcp.o(i.tcpFilter)
    i.tcpListen                              0x08003e08   Section        0  tcp.o(i.tcpListen)
    i.tcpPool                                0x08003e3c   Section        0  tcp.o(i.tcpPool)
    i.tcpRead                                0x08003e94   Section        0  tcp.o(i.tcpRead)
    i.tcpSendData                            0x08003ef0   Section        0  tcp.o(i.tcpSendData)
    i.timingDelayDecrement                   0x08004098   Section        0  delay.o(i.timingDelayDecrement)
    .data                                    0x20000000   Section        4  delay.o(.data)
    TimingDelay                              0x20000000   Data           4  delay.o(.data)
    .data                                    0x20000004   Section       16  enc28j60.o(.data)
    TimingDelay                              0x20000004   Data           4  enc28j60.o(.data)
    Enc28j60Bank                             0x20000008   Data           1  enc28j60.o(.data)
    gNextPacketPtr                           0x20000010   Data           4  enc28j60.o(.data)
    .data                                    0x20000014   Section       16  net.o(.data)
    TimingDelay                              0x20000014   Data           4  net.o(.data)
    .data                                    0x20000024   Section        8  tcp.o(.data)
    TimingDelay                              0x20000024   Data           4  tcp.o(.data)
    numSeg                                   0x20000028   Data           4  tcp.o(.data)
    .data                                    0x2000002c   Section       17  arp.o(.data)
    TimingDelay                              0x2000002c   Data           4  arp.o(.data)
    .bss                                     0x20000040   Section     1084  net.o(.bss)
    .bss                                     0x2000047c   Section       56  tcp.o(.bss)
    .bss                                     0x200004b4   Section       50  arp.o(.bss)
    .bss                                     0x200004e8   Section      228  rand.o(.bss)
    .bss                                     0x200005cc   Section       96  libspace.o(.bss)
    HEAP                                     0x20000630   Section      512  startup_stm32f10x_md.o(HEAP)
    Heap_Mem                                 0x20000630   Data         512  startup_stm32f10x_md.o(HEAP)
    STACK                                    0x20000830   Section     1024  startup_stm32f10x_md.o(STACK)
    Stack_Mem                                0x20000830   Data        1024  startup_stm32f10x_md.o(STACK)
    __initial_sp                             0x20000c30   Data           0  startup_stm32f10x_md.o(STACK)

    Global Symbols

    Symbol Name                              Value     Ov Type        Size  Object(Section)

    BuildAttributes$$THM_ISAv4$P$D$K$B$S$PE$A:L22UL41UL21$X:L11$S22US41US21$IEEE1$IW$USESV6$~STKCKD$USESV7$~SHL$OSPACE$ROPI$EBA8$UX$STANDARDLIB$REQ8$PRES8$EABIv2 0x00000000   Number         0  anon$$obj.o ABSOLUTE
    __ARM_use_no_argv                        0x00000000   Number         0  main.o ABSOLUTE
    __ARM_exceptions_init                     - Undefined Weak Reference
    __alloca_initialize                       - Undefined Weak Reference
    __arm_preinit_                            - Undefined Weak Reference
    __cpp_initialize__aeabi_                  - Undefined Weak Reference
    __cxa_finalize                            - Undefined Weak Reference
    __rt_locale                               - Undefined Weak Reference
    __sigvec_lookup                           - Undefined Weak Reference
    _atexit_init                              - Undefined Weak Reference
    _call_atexit_fns                          - Undefined Weak Reference
    _clock_init                               - Undefined Weak Reference
    _fp_trap_init                             - Undefined Weak Reference
    _fp_trap_shutdown                         - Undefined Weak Reference
    _get_lc_collate                           - Undefined Weak Reference
    _get_lc_ctype                             - Undefined Weak Reference
    _get_lc_monetary                          - Undefined Weak Reference
    _get_lc_numeric                           - Undefined Weak Reference
    _get_lc_time                              - Undefined Weak Reference
    _getenv_init                              - Undefined Weak Reference
    _handle_redirection                       - Undefined Weak Reference
    _init_alloc                               - Undefined Weak Reference
    _init_user_alloc                          - Undefined Weak Reference
    _initio                                   - Undefined Weak Reference
    _signal_finish                            - Undefined Weak Reference
    _signal_init                              - Undefined Weak Reference
    _terminate_alloc                          - Undefined Weak Reference
    _terminate_user_alloc                     - Undefined Weak Reference
    _terminateio                              - Undefined Weak Reference
    __Vectors_Size                           0x000000ec   Number         0  startup_stm32f10x_md.o ABSOLUTE
    __Vectors                                0x08002400   Data           4  startup_stm32f10x_md.o(RESET)
    __Vectors_End                            0x080024ec   Data           0  startup_stm32f10x_md.o(RESET)
    __main                                   0x080024ed   Thumb Code     8  __main.o(!!!main)
    __scatterload                            0x080024f5   Thumb Code     0  __scatter.o(!!!scatter)
    __scatterload_rt2                        0x080024f5   Thumb Code    44  __scatter.o(!!!scatter)
    __scatterload_rt2_thumb_only             0x080024f5   Thumb Code     0  __scatter.o(!!!scatter)
    __scatterload_null                       0x08002503   Thumb Code     0  __scatter.o(!!!scatter)
    __scatterload_copy                       0x08002529   Thumb Code    26  __scatter_copy.o(!!handler_copy)
    __scatterload_zeroinit                   0x08002545   Thumb Code    28  __scatter_zi.o(!!handler_zi)
    __rt_lib_init                            0x08002561   Thumb Code     0  libinit.o(.ARM.Collect$$libinit$$00000000)
    __rt_lib_init_fp_1                       0x08002563   Thumb Code     0  libinit2.o(.ARM.Collect$$libinit$$00000002)
    __rt_lib_init_heap_1                     0x08002563   Thumb Code     0  libinit2.o(.ARM.Collect$$libinit$$0000000A)
    __rt_lib_init_preinit_1                  0x08002563   Thumb Code     0  libinit2.o(.ARM.Collect$$libinit$$00000004)
    __rt_lib_init_rand_2                     0x08002563   Thumb Code     0  libinit2.o(.ARM.Collect$$libinit$$0000000D)
    __rt_lib_init_user_alloc_1               0x08002563   Thumb Code     0  libinit2.o(.ARM.Collect$$libinit$$0000000C)
    __rt_lib_init_alloca_1                   0x08002567   Thumb Code     0  libinit2.o(.ARM.Collect$$libinit$$0000002E)
    __rt_lib_init_argv_1                     0x08002567   Thumb Code     0  libinit2.o(.ARM.Collect$$libinit$$0000002C)
    __rt_lib_init_atexit_1                   0x08002567   Thumb Code     0  libinit2.o(.ARM.Collect$$libinit$$0000001B)
    __rt_lib_init_clock_1                    0x08002567   Thumb Code     0  libinit2.o(.ARM.Collect$$libinit$$00000021)
    __rt_lib_init_cpp_1                      0x08002567   Thumb Code     0  libinit2.o(.ARM.Collect$$libinit$$00000032)
    __rt_lib_init_exceptions_1               0x08002567   Thumb Code     0  libinit2.o(.ARM.Collect$$libinit$$00000030)
    __rt_lib_init_fp_trap_1                  0x08002567   Thumb Code     0  libinit2.o(.ARM.Collect$$libinit$$0000001F)
    __rt_lib_init_getenv_1                   0x08002567   Thumb Code     0  libinit2.o(.ARM.Collect$$libinit$$00000023)
    __rt_lib_init_lc_collate_1               0x08002567   Thumb Code     0  libinit2.o(.ARM.Collect$$libinit$$00000011)
    __rt_lib_init_lc_ctype_1                 0x08002567   Thumb Code     0  libinit2.o(.ARM.Collect$$libinit$$00000013)
    __rt_lib_init_lc_monetary_1              0x08002567   Thumb Code     0  libinit2.o(.ARM.Collect$$libinit$$00000015)
    __rt_lib_init_lc_numeric_1               0x08002567   Thumb Code     0  libinit2.o(.ARM.Collect$$libinit$$00000017)
    __rt_lib_init_lc_time_1                  0x08002567   Thumb Code     0  libinit2.o(.ARM.Collect$$libinit$$00000019)
    __rt_lib_init_rand_1                     0x08002567   Thumb Code     0  libinit2.o(.ARM.Collect$$libinit$$0000000E)
    __rt_lib_init_return                     0x08002567   Thumb Code     0  libinit2.o(.ARM.Collect$$libinit$$00000033)
    __rt_lib_init_signal_1                   0x08002567   Thumb Code     0  libinit2.o(.ARM.Collect$$libinit$$0000001D)
    __rt_lib_init_stdio_1                    0x08002567   Thumb Code     0  libinit2.o(.ARM.Collect$$libinit$$00000025)
    __rt_lib_shutdown                        0x08002569   Thumb Code     0  libshutdown.o(.ARM.Collect$$libshutdown$$00000000)
    __rt_lib_shutdown_cpp_1                  0x0800256b   Thumb Code     0  libshutdown2.o(.ARM.Collect$$libshutdown$$00000002)
    __rt_lib_shutdown_fp_trap_1              0x0800256b   Thumb Code     0  libshutdown2.o(.ARM.Collect$$libshutdown$$00000007)
    __rt_lib_shutdown_heap_1                 0x0800256b   Thumb Code     0  libshutdown2.o(.ARM.Collect$$libshutdown$$0000000F)
    __rt_lib_shutdown_return                 0x0800256b   Thumb Code     0  libshutdown2.o(.ARM.Collect$$libshutdown$$00000010)
    __rt_lib_shutdown_signal_1               0x0800256b   Thumb Code     0  libshutdown2.o(.ARM.Collect$$libshutdown$$0000000A)
    __rt_lib_shutdown_stdio_1                0x0800256b   Thumb Code     0  libshutdown2.o(.ARM.Collect$$libshutdown$$00000004)
    __rt_lib_shutdown_user_alloc_1           0x0800256b   Thumb Code     0  libshutdown2.o(.ARM.Collect$$libshutdown$$0000000C)
    __rt_entry                               0x0800256d   Thumb Code     0  __rtentry.o(.ARM.Collect$$rtentry$$00000000)
    __rt_entry_presh_1                       0x0800256d   Thumb Code     0  __rtentry2.o(.ARM.Collect$$rtentry$$00000002)
    __rt_entry_sh                            0x0800256d   Thumb Code     0  __rtentry4.o(.ARM.Collect$$rtentry$$00000004)
    __rt_entry_li                            0x08002573   Thumb Code     0  __rtentry2.o(.ARM.Collect$$rtentry$$0000000A)
    __rt_entry_postsh_1                      0x08002573   Thumb Code     0  __rtentry2.o(.ARM.Collect$$rtentry$$00000009)
    __rt_entry_main                          0x08002577   Thumb Code     0  __rtentry2.o(.ARM.Collect$$rtentry$$0000000D)
    __rt_entry_postli_1                      0x08002577   Thumb Code     0  __rtentry2.o(.ARM.Collect$$rtentry$$0000000C)
    __rt_exit                                0x0800257f   Thumb Code     0  rtexit.o(.ARM.Collect$$rtexit$$00000000)
    __rt_exit_ls                             0x08002581   Thumb Code     0  rtexit2.o(.ARM.Collect$$rtexit$$00000003)
    __rt_exit_prels_1                        0x08002581   Thumb Code     0  rtexit2.o(.ARM.Collect$$rtexit$$00000002)
    __rt_exit_exit                           0x08002585   Thumb Code     0  rtexit2.o(.ARM.Collect$$rtexit$$00000004)
    rand                                     0x0800258d   Thumb Code    48  rand.o(.emb_text)
    Reset_Handler                            0x080025c1   Thumb Code     8  startup_stm32f10x_md.o(.text)
    NMI_Handler                              0x080025c9   Thumb Code     2  startup_stm32f10x_md.o(.text)
    HardFault_Handler                        0x080025cb   Thumb Code     2  startup_stm32f10x_md.o(.text)
    MemManage_Handler                        0x080025cd   Thumb Code     2  startup_stm32f10x_md.o(.text)
    BusFault_Handler                         0x080025cf   Thumb Code     2  startup_stm32f10x_md.o(.text)
    UsageFault_Handler                       0x080025d1   Thumb Code     2  startup_stm32f10x_md.o(.text)
    SVC_Handler                              0x080025d3   Thumb Code     2  startup_stm32f10x_md.o(.text)
    DebugMon_Handler                         0x080025d5   Thumb Code     2  startup_stm32f10x_md.o(.text)
    PendSV_Handler                           0x080025d7   Thumb Code     2  startup_stm32f10x_md.o(.text)
    ADC1_2_IRQHandler                        0x080025db   Thumb Code     0  startup_stm32f10x_md.o(.text)
    CAN1_RX1_IRQHandler                      0x080025db   Thumb Code     0  startup_stm32f10x_md.o(.text)
    CAN1_SCE_IRQHandler                      0x080025db   Thumb Code     0  startup_stm32f10x_md.o(.text)
    DMA1_Channel1_IRQHandler                 0x080025db   Thumb Code     0  startup_stm32f10x_md.o(.text)
    DMA1_Channel2_IRQHandler                 0x080025db   Thumb Code     0  startup_stm32f10x_md.o(.text)
    DMA1_Channel3_IRQHandler                 0x080025db   Thumb Code     0  startup_stm32f10x_md.o(.text)
    DMA1_Channel4_IRQHandler                 0x080025db   Thumb Code     0  startup_stm32f10x_md.o(.text)
    DMA1_Channel5_IRQHandler                 0x080025db   Thumb Code     0  startup_stm32f10x_md.o(.text)
    DMA1_Channel6_IRQHandler                 0x080025db   Thumb Code     0  startup_stm32f10x_md.o(.text)
    DMA1_Channel7_IRQHandler                 0x080025db   Thumb Code     0  startup_stm32f10x_md.o(.text)
    EXTI0_IRQHandler                         0x080025db   Thumb Code     0  startup_stm32f10x_md.o(.text)
    EXTI15_10_IRQHandler                     0x080025db   Thumb Code     0  startup_stm32f10x_md.o(.text)
    EXTI1_IRQHandler                         0x080025db   Thumb Code     0  startup_stm32f10x_md.o(.text)
    EXTI2_IRQHandler                         0x080025db   Thumb Code     0  startup_stm32f10x_md.o(.text)
    EXTI3_IRQHandler                         0x080025db   Thumb Code     0  startup_stm32f10x_md.o(.text)
    EXTI4_IRQHandler                         0x080025db   Thumb Code     0  startup_stm32f10x_md.o(.text)
    EXTI9_5_IRQHandler                       0x080025db   Thumb Code     0  startup_stm32f10x_md.o(.text)
    FLASH_IRQHandler                         0x080025db   Thumb Code     0  startup_stm32f10x_md.o(.text)
    I2C1_ER_IRQHandler                       0x080025db   Thumb Code     0  startup_stm32f10x_md.o(.text)
    I2C1_EV_IRQHandler                       0x080025db   Thumb Code     0  startup_stm32f10x_md.o(.text)
    I2C2_ER_IRQHandler                       0x080025db   Thumb Code     0  startup_stm32f10x_md.o(.text)
    I2C2_EV_IRQHandler                       0x080025db   Thumb Code     0  startup_stm32f10x_md.o(.text)
    PVD_IRQHandler                           0x080025db   Thumb Code     0  startup_stm32f10x_md.o(.text)
    RCC_IRQHandler                           0x080025db   Thumb Code     0  startup_stm32f10x_md.o(.text)
    RTCAlarm_IRQHandler                      0x080025db   Thumb Code     0  startup_stm32f10x_md.o(.text)
    RTC_IRQHandler                           0x080025db   Thumb Code     0  startup_stm32f10x_md.o(.text)
    SPI1_IRQHandler                          0x080025db   Thumb Code     0  startup_stm32f10x_md.o(.text)
    SPI2_IRQHandler                          0x080025db   Thumb Code     0  startup_stm32f10x_md.o(.text)
    TAMPER_IRQHandler                        0x080025db   Thumb Code     0  startup_stm32f10x_md.o(.text)
    TIM1_BRK_IRQHandler                      0x080025db   Thumb Code     0  startup_stm32f10x_md.o(.text)
    TIM1_CC_IRQHandler                       0x080025db   Thumb Code     0  startup_stm32f10x_md.o(.text)
    TIM1_TRG_COM_IRQHandler                  0x080025db   Thumb Code     0  startup_stm32f10x_md.o(.text)
    TIM1_UP_IRQHandler                       0x080025db   Thumb Code     0  startup_stm32f10x_md.o(.text)
    TIM2_IRQHandler                          0x080025db   Thumb Code     0  startup_stm32f10x_md.o(.text)
    TIM3_IRQHandler                          0x080025db   Thumb Code     0  startup_stm32f10x_md.o(.text)
    TIM4_IRQHandler                          0x080025db   Thumb Code     0  startup_stm32f10x_md.o(.text)
    USART1_IRQHandler                        0x080025db   Thumb Code     0  startup_stm32f10x_md.o(.text)
    USART2_IRQHandler                        0x080025db   Thumb Code     0  startup_stm32f10x_md.o(.text)
    USART3_IRQHandler                        0x080025db   Thumb Code     0  startup_stm32f10x_md.o(.text)
    USBWakeUp_IRQHandler                     0x080025db   Thumb Code     0  startup_stm32f10x_md.o(.text)
    USB_HP_CAN1_TX_IRQHandler                0x080025db   Thumb Code     0  startup_stm32f10x_md.o(.text)
    USB_LP_CAN1_RX0_IRQHandler               0x080025db   Thumb Code     0  startup_stm32f10x_md.o(.text)
    WWDG_IRQHandler                          0x080025db   Thumb Code     0  startup_stm32f10x_md.o(.text)
    __user_initial_stackheap                 0x080025dd   Thumb Code     0  startup_stm32f10x_md.o(.text)
    srand                                    0x08002601   Thumb Code    42  rand.o(.text)
    _rand_init                               0x0800262b   Thumb Code     4  rand.o(.text)
    memcmp                                   0x0800263d   Thumb Code    88  memcmp.o(.text)
    __aeabi_memcpy                           0x08002695   Thumb Code     0  rt_memcpy_v6.o(.text)
    __rt_memcpy                              0x08002695   Thumb Code   138  rt_memcpy_v6.o(.text)
    _memcpy_lastbytes                        0x080026fb   Thumb Code     0  rt_memcpy_v6.o(.text)
    __use_two_region_memory                  0x0800271f   Thumb Code     2  heapauxi.o(.text)
    __rt_heap_escrow$2region                 0x08002721   Thumb Code     2  heapauxi.o(.text)
    __rt_heap_expand$2region                 0x08002723   Thumb Code     2  heapauxi.o(.text)
    __aeabi_memcpy4                          0x08002725   Thumb Code     0  rt_memcpy_w.o(.text)
    __aeabi_memcpy8                          0x08002725   Thumb Code     0  rt_memcpy_w.o(.text)
    __rt_memcpy_w                            0x08002725   Thumb Code   100  rt_memcpy_w.o(.text)
    _memcpy_lastbytes_aligned                0x0800276d   Thumb Code     0  rt_memcpy_w.o(.text)
    __user_setup_stackheap                   0x08002789   Thumb Code    74  sys_stackheap_outer.o(.text)
    exit                                     0x080027d3   Thumb Code    18  exit.o(.text)
    __user_libspace                          0x080027e5   Thumb Code     8  libspace.o(.text)
    __user_perproc_libspace                  0x080027e5   Thumb Code     0  libspace.o(.text)
    __user_perthread_libspace                0x080027e5   Thumb Code     0  libspace.o(.text)
    __I$use$semihosting                      0x080027ed   Thumb Code     0  use_no_semi.o(.text)
    __use_no_semihosting_swi                 0x080027ed   Thumb Code     2  use_no_semi.o(.text)
    __semihosting_library_function           0x080027ef   Thumb Code     0  indicate_semi.o(.text)
    _sys_exit                                0x080027f1   Thumb Code     8  sys_exit.o(.text)
    SysTick_Handler                          0x080028e5   Thumb Code     8  delay.o(i.SysTick_Handler)
    SystemInit                               0x080028ed   Thumb Code    78  system_stm32f10x.o(i.SystemInit)
    arpAdd                                   0x0800294d   Thumb Code    82  arp.o(i.arpAdd)
    arpFilter                                0x080029a9   Thumb Code   164  arp.o(i.arpFilter)
    arpResolve                               0x08002a55   Thumb Code   120  arp.o(i.arpResolve)
    arpTableSearch                           0x08002ae1   Thumb Code    54  arp.o(i.arpTableSearch)
    checksum                                 0x08002b1d   Thumb Code    84  net.o(i.checksum)
    delayInit                                0x08002b71   Thumb Code    74  delay.o(i.delayInit)
    delay_ms                                 0x08002bc9   Thumb Code    20  delay.o(i.delay_ms)
    enc28j60Init                             0x08002be1   Thumb Code   322  enc28j60.o(i.enc28j60Init)
    enc28j60PacketReceive                    0x08002d2d   Thumb Code   138  enc28j60.o(i.enc28j60PacketReceive)
    enc28j60PacketSend                       0x08002dbd   Thumb Code   100  enc28j60.o(i.enc28j60PacketSend)
    enc28j60WriteOp                          0x08002f39   Thumb Code    52  enc28j60.o(i.enc28j60WriteOp)
    ethReSend                                0x08002fcd   Thumb Code    42  net.o(i.ethReSend)
    ethRead                                  0x08002ffd   Thumb Code    52  net.o(i.ethRead)
    ethSend                                  0x08003031   Thumb Code    20  net.o(i.ethSend)
    flashLock                                0x08003045   Thumb Code    14  flash.o(i.flashLock)
    flashUnlock                              0x08003059   Thumb Code    12  flash.o(i.flashUnlock)
    flashWriteData                           0x08003071   Thumb Code    76  flash.o(i.flashWriteData)
    getTcpStatus                             0x080030c1   Thumb Code    48  tcp.o(i.getTcpStatus)
    icmpRead                                 0x080030f5   Thumb Code    64  net.o(i.icmpRead)
    ipReSend                                 0x08003135   Thumb Code    76  net.o(i.ipReSend)
    ipRead                                   0x08003185   Thumb Code    88  net.o(i.ipRead)
    ipSend                                   0x080031e1   Thumb Code   186  net.o(i.ipSend)
    main                                     0x080032ad   Thumb Code   238  main.o(i.main)
    netInit                                  0x080033dd   Thumb Code    12  net.o(i.netInit)
    netPool                                  0x080033e9   Thumb Code    28  net.o(i.netPool)
    spi1Init                                 0x08003409   Thumb Code   128  enc28j60.o(i.spi1Init)
    spiRecive                                0x080034a1   Thumb Code    10  enc28j60.o(i.spiRecive)
    spiTranmittRecive                        0x080034ad   Thumb Code    42  enc28j60.o(i.spiTranmittRecive)
    spiTransmit                              0x080034dd   Thumb Code    12  enc28j60.o(i.spiTransmit)
    tcpClose                                 0x080034e9   Thumb Code   376  tcp.o(i.tcpClose)
    tcpCreate                                0x08003669   Thumb Code    96  tcp.o(i.tcpCreate)
    tcpFilter                                0x080036cd   Thumb Code  1844  tcp.o(i.tcpFilter)
    tcpListen                                0x08003e09   Thumb Code    46  tcp.o(i.tcpListen)
    tcpPool                                  0x08003e3d   Thumb Code    84  tcp.o(i.tcpPool)
    tcpRead                                  0x08003e95   Thumb Code    88  tcp.o(i.tcpRead)
    tcpSendData                              0x08003ef1   Thumb Code   416  tcp.o(i.tcpSendData)
    timingDelayDecrement                     0x08004099   Thumb Code    18  delay.o(i.timingDelayDecrement)
    Region$$Table$$Base                      0x080040b0   Number         0  anon$$obj.o(Region$$Table)
    Region$$Table$$Limit                     0x080040d0   Number         0  anon$$obj.o(Region$$Table)
    macaddr                                  0x20000009   Data           6  enc28j60.o(.data)
    ipaddr                                   0x20000018   Data           4  net.o(.data)
    gateIp                                   0x2000001c   Data           4  net.o(.data)
    netMask                                  0x20000020   Data           4  net.o(.data)
    broadcastMac                             0x20000030   Data           6  arp.o(.data)
    arpRequestMac                            0x20000036   Data           6  arp.o(.data)
    arpPointer                               0x2000003c   Data           1  arp.o(.data)
    netBuf                                   0x20000040   Data        1024  net.o(.bss)
    str1                                     0x20000440   Data          60  net.o(.bss)
    tcpStateConn                             0x2000047c   Data          56  tcp.o(.bss)
    arpTbl                                   0x200004b4   Data          50  arp.o(.bss)
    _random_number_data                      0x200004e8   Data         228  rand.o(.bss)
    __libspace_start                         0x200005cc   Data          96  libspace.o(.bss)
    __temporary_stack_top$libspace           0x2000062c   Data           0  libspace.o(.bss)



==============================================================================

Memory Map of the image

  Image Entry point : 0x080025c1

  Load Region LR_1 (Base: 0x08002400, Size: 0x00001d10, Max: 0xffffffff, ABSOLUTE)

    Execution Region ER_RO (Exec base: 0x08002400, Load base: 0x08002400, Size: 0x00001cd0, Max: 0xffffffff, ABSOLUTE)

    Exec Addr    Load Addr    Size         Type   Attr      Idx    E Section Name        Object

    0x08002400   0x08002400   0x000000ec   Data   RO          522    RESET               startup_stm32f10x_md.o
    0x080024ec   0x080024ec   0x00000008   Code   RO          586  * !!!main             c_w.l(__main.o)
    0x080024f4   0x080024f4   0x00000034   Code   RO          745    !!!scatter          c_w.l(__scatter.o)
    0x08002528   0x08002528   0x0000001a   Code   RO          747    !!handler_copy      c_w.l(__scatter_copy.o)
    0x08002542   0x08002542   0x00000002   PAD
    0x08002544   0x08002544   0x0000001c   Code   RO          749    !!handler_zi        c_w.l(__scatter_zi.o)
    0x08002560   0x08002560   0x00000002   Code   RO          668    .ARM.Collect$$libinit$$00000000  c_w.l(libinit.o)
    0x08002562   0x08002562   0x00000000   Code   RO          592    .ARM.Collect$$libinit$$00000002  c_w.l(libinit2.o)
    0x08002562   0x08002562   0x00000000   Code   RO          594    .ARM.Collect$$libinit$$00000004  c_w.l(libinit2.o)
    0x08002562   0x08002562   0x00000000   Code   RO          597    .ARM.Collect$$libinit$$0000000A  c_w.l(libinit2.o)
    0x08002562   0x08002562   0x00000000   Code   RO          599    .ARM.Collect$$libinit$$0000000C  c_w.l(libinit2.o)
    0x08002562   0x08002562   0x00000004   Code   RO          600    .ARM.Collect$$libinit$$0000000D  c_w.l(libinit2.o)
    0x08002566   0x08002566   0x00000000   Code   RO          601    .ARM.Collect$$libinit$$0000000E  c_w.l(libinit2.o)
    0x08002566   0x08002566   0x00000000   Code   RO          604    .ARM.Collect$$libinit$$00000011  c_w.l(libinit2.o)
    0x08002566   0x08002566   0x00000000   Code   RO          606    .ARM.Collect$$libinit$$00000013  c_w.l(libinit2.o)
    0x08002566   0x08002566   0x00000000   Code   RO          608    .ARM.Collect$$libinit$$00000015  c_w.l(libinit2.o)
    0x08002566   0x08002566   0x00000000   Code   RO          610    .ARM.Collect$$libinit$$00000017  c_w.l(libinit2.o)
    0x08002566   0x08002566   0x00000000   Code   RO          612    .ARM.Collect$$libinit$$00000019  c_w.l(libinit2.o)
    0x08002566   0x08002566   0x00000000   Code   RO          614    .ARM.Collect$$libinit$$0000001B  c_w.l(libinit2.o)
    0x08002566   0x08002566   0x00000000   Code   RO          616    .ARM.Collect$$libinit$$0000001D  c_w.l(libinit2.o)
    0x08002566   0x08002566   0x00000000   Code   RO          618    .ARM.Collect$$libinit$$0000001F  c_w.l(libinit2.o)
    0x08002566   0x08002566   0x00000000   Code   RO          620    .ARM.Collect$$libinit$$00000021  c_w.l(libinit2.o)
    0x08002566   0x08002566   0x00000000   Code   RO          622    .ARM.Collect$$libinit$$00000023  c_w.l(libinit2.o)
    0x08002566   0x08002566   0x00000000   Code   RO          624    .ARM.Collect$$libinit$$00000025  c_w.l(libinit2.o)
    0x08002566   0x08002566   0x00000000   Code   RO          628    .ARM.Collect$$libinit$$0000002C  c_w.l(libinit2.o)
    0x08002566   0x08002566   0x00000000   Code   RO          630    .ARM.Collect$$libinit$$0000002E  c_w.l(libinit2.o)
    0x08002566   0x08002566   0x00000000   Code   RO          632    .ARM.Collect$$libinit$$00000030  c_w.l(libinit2.o)
    0x08002566   0x08002566   0x00000000   Code   RO          634    .ARM.Collect$$libinit$$00000032  c_w.l(libinit2.o)
    0x08002566   0x08002566   0x00000002   Code   RO          635    .ARM.Collect$$libinit$$00000033  c_w.l(libinit2.o)
    0x08002568   0x08002568   0x00000002   Code   RO          706    .ARM.Collect$$libshutdown$$00000000  c_w.l(libshutdown.o)
    0x0800256a   0x0800256a   0x00000000   Code   RO          712    .ARM.Collect$$libshutdown$$00000002  c_w.l(libshutdown2.o)
    0x0800256a   0x0800256a   0x00000000   Code   RO          714    .ARM.Collect$$libshutdown$$00000004  c_w.l(libshutdown2.o)
    0x0800256a   0x0800256a   0x00000000   Code   RO          717    .ARM.Collect$$libshutdown$$00000007  c_w.l(libshutdown2.o)
    0x0800256a   0x0800256a   0x00000000   Code   RO          720    .ARM.Collect$$libshutdown$$0000000A  c_w.l(libshutdown2.o)
    0x0800256a   0x0800256a   0x00000000   Code   RO          722    .ARM.Collect$$libshutdown$$0000000C  c_w.l(libshutdown2.o)
    0x0800256a   0x0800256a   0x00000000   Code   RO          725    .ARM.Collect$$libshutdown$$0000000F  c_w.l(libshutdown2.o)
    0x0800256a   0x0800256a   0x00000002   Code   RO          726    .ARM.Collect$$libshutdown$$00000010  c_w.l(libshutdown2.o)
    0x0800256c   0x0800256c   0x00000000   Code   RO          588    .ARM.Collect$$rtentry$$00000000  c_w.l(__rtentry.o)
    0x0800256c   0x0800256c   0x00000000   Code   RO          637    .ARM.Collect$$rtentry$$00000002  c_w.l(__rtentry2.o)
    0x0800256c   0x0800256c   0x00000006   Code   RO          649    .ARM.Collect$$rtentry$$00000004  c_w.l(__rtentry4.o)
    0x08002572   0x08002572   0x00000000   Code   RO          639    .ARM.Collect$$rtentry$$00000009  c_w.l(__rtentry2.o)
    0x08002572   0x08002572   0x00000004   Code   RO          640    .ARM.Collect$$rtentry$$0000000A  c_w.l(__rtentry2.o)
    0x08002576   0x08002576   0x00000000   Code   RO          642    .ARM.Collect$$rtentry$$0000000C  c_w.l(__rtentry2.o)
    0x08002576   0x08002576   0x00000008   Code   RO          643    .ARM.Collect$$rtentry$$0000000D  c_w.l(__rtentry2.o)
    0x0800257e   0x0800257e   0x00000002   Code   RO          674    .ARM.Collect$$rtexit$$00000000  c_w.l(rtexit.o)
    0x08002580   0x08002580   0x00000000   Code   RO          686    .ARM.Collect$$rtexit$$00000002  c_w.l(rtexit2.o)
    0x08002580   0x08002580   0x00000004   Code   RO          687    .ARM.Collect$$rtexit$$00000003  c_w.l(rtexit2.o)
    0x08002584   0x08002584   0x00000006   Code   RO          688    .ARM.Collect$$rtexit$$00000004  c_w.l(rtexit2.o)
    0x0800258a   0x0800258a   0x00000002   PAD
    0x0800258c   0x0800258c   0x00000034   Code   RO          575    .emb_text           c_w.l(rand.o)
    0x080025c0   0x080025c0   0x00000040   Code   RO          523  * .text               startup_stm32f10x_md.o
    0x08002600   0x08002600   0x0000003c   Code   RO          576    .text               c_w.l(rand.o)
    0x0800263c   0x0800263c   0x00000058   Code   RO          580    .text               c_w.l(memcmp.o)
    0x08002694   0x08002694   0x0000008a   Code   RO          582    .text               c_w.l(rt_memcpy_v6.o)
    0x0800271e   0x0800271e   0x00000006   Code   RO          584    .text               c_w.l(heapauxi.o)
    0x08002724   0x08002724   0x00000064   Code   RO          589    .text               c_w.l(rt_memcpy_w.o)
    0x08002788   0x08002788   0x0000004a   Code   RO          655    .text               c_w.l(sys_stackheap_outer.o)
    0x080027d2   0x080027d2   0x00000012   Code   RO          657    .text               c_w.l(exit.o)
    0x080027e4   0x080027e4   0x00000008   Code   RO          671    .text               c_w.l(libspace.o)
    0x080027ec   0x080027ec   0x00000002   Code   RO          682    .text               c_w.l(use_no_semi.o)
    0x080027ee   0x080027ee   0x00000000   Code   RO          684    .text               c_w.l(indicate_semi.o)
    0x080027ee   0x080027ee   0x00000002   PAD
    0x080027f0   0x080027f0   0x0000000c   Code   RO          698    .text               c_w.l(sys_exit.o)
    0x080027fc   0x080027fc   0x00000008   Code   RO          530    i.SetSysClock       system_stm32f10x.o
    0x08002804   0x08002804   0x000000e0   Code   RO          531    i.SetSysClockTo72   system_stm32f10x.o
    0x080028e4   0x080028e4   0x00000008   Code   RO           92    i.SysTick_Handler   delay.o
    0x080028ec   0x080028ec   0x00000060   Code   RO          533    i.SystemInit        system_stm32f10x.o
    0x0800294c   0x0800294c   0x0000005c   Code   RO          476    i.arpAdd            arp.o
    0x080029a8   0x080029a8   0x000000ac   Code   RO          477    i.arpFilter         arp.o
    0x08002a54   0x08002a54   0x0000008c   Code   RO          478    i.arpResolve        arp.o
    0x08002ae0   0x08002ae0   0x0000003c   Code   RO          479    i.arpTableSearch    arp.o
    0x08002b1c   0x08002b1c   0x00000054   Code   RO          298    i.checksum          net.o
    0x08002b70   0x08002b70   0x00000058   Code   RO           93    i.delayInit         delay.o
    0x08002bc8   0x08002bc8   0x00000018   Code   RO           94    i.delay_ms          delay.o
    0x08002be0   0x08002be0   0x0000014c   Code   RO          143    i.enc28j60Init      enc28j60.o
    0x08002d2c   0x08002d2c   0x00000090   Code   RO          144    i.enc28j60PacketReceive  enc28j60.o
    0x08002dbc   0x08002dbc   0x00000068   Code   RO          145    i.enc28j60PacketSend  enc28j60.o
    0x08002e24   0x08002e24   0x00000040   Code   RO          146    i.enc28j60ReadBuf   enc28j60.o
    0x08002e64   0x08002e64   0x00000048   Code   RO          147    i.enc28j60ReadOp    enc28j60.o
    0x08002eac   0x08002eac   0x00000014   Code   RO          148    i.enc28j60ReadRegByte  enc28j60.o
    0x08002ec0   0x08002ec0   0x00000038   Code   RO          149    i.enc28j60SetBank   enc28j60.o
    0x08002ef8   0x08002ef8   0x00000040   Code   RO          150    i.enc28j60WriteBuf  enc28j60.o
    0x08002f38   0x08002f38   0x00000038   Code   RO          151    i.enc28j60WriteOp   enc28j60.o
    0x08002f70   0x08002f70   0x00000028   Code   RO          152    i.enc28j60WritePhy  enc28j60.o
    0x08002f98   0x08002f98   0x0000001a   Code   RO          153    i.enc28j60WriteReg  enc28j60.o
    0x08002fb2   0x08002fb2   0x00000018   Code   RO          154    i.enc28j60WriteRegByte  enc28j60.o
    0x08002fca   0x08002fca   0x00000002   PAD
    0x08002fcc   0x08002fcc   0x00000030   Code   RO          299    i.ethReSend         net.o
    0x08002ffc   0x08002ffc   0x00000034   Code   RO          300    i.ethRead           net.o
    0x08003030   0x08003030   0x00000014   Code   RO          301    i.ethSend           net.o
    0x08003044   0x08003044   0x00000014   Code   RO          256    i.flashLock         flash.o
    0x08003058   0x08003058   0x00000018   Code   RO          258    i.flashUnlock       flash.o
    0x08003070   0x08003070   0x00000050   Code   RO          259    i.flashWriteData    flash.o
    0x080030c0   0x080030c0   0x00000034   Code   RO          405    i.getTcpStatus      tcp.o
    0x080030f4   0x080030f4   0x00000040   Code   RO          302    i.icmpRead          net.o
    0x08003134   0x08003134   0x00000050   Code   RO          303    i.ipReSend          net.o
    0x08003184   0x08003184   0x0000005c   Code   RO          304    i.ipRead            net.o
    0x080031e0   0x080031e0   0x000000cc   Code   RO          305    i.ipSend            net.o
    0x080032ac   0x080032ac   0x00000130   Code   RO            4    i.main              main.o
    0x080033dc   0x080033dc   0x0000000c   Code   RO          306    i.netInit           net.o
    0x080033e8   0x080033e8   0x00000020   Code   RO          307    i.netPool           net.o
    0x08003408   0x08003408   0x00000098   Code   RO          155    i.spi1Init          enc28j60.o
    0x080034a0   0x080034a0   0x0000000a   Code   RO          156    i.spiRecive         enc28j60.o
    0x080034aa   0x080034aa   0x00000002   PAD
    0x080034ac   0x080034ac   0x00000030   Code   RO          157    i.spiTranmittRecive  enc28j60.o
    0x080034dc   0x080034dc   0x0000000c   Code   RO          158    i.spiTransmit       enc28j60.o
    0x080034e8   0x080034e8   0x00000180   Code   RO          406    i.tcpClose          tcp.o
    0x08003668   0x08003668   0x00000064   Code   RO          407    i.tcpCreate         tcp.o
    0x080036cc   0x080036cc   0x0000073c   Code   RO          408    i.tcpFilter         tcp.o
    0x08003e08   0x08003e08   0x00000034   Code   RO          409    i.tcpListen         tcp.o
    0x08003e3c   0x08003e3c   0x00000058   Code   RO          410    i.tcpPool           tcp.o
    0x08003e94   0x08003e94   0x0000005c   Code   RO          411    i.tcpRead           tcp.o
    0x08003ef0   0x08003ef0   0x000001a8   Code   RO          412    i.tcpSendData       tcp.o
    0x08004098   0x08004098   0x00000018   Code   RO           95    i.timingDelayDecrement  delay.o
    0x080040b0   0x080040b0   0x00000020   Data   RO          743    Region$$Table       anon$$obj.o


    Execution Region ER_RW (Exec base: 0x20000000, Load base: 0x080040d0, Size: 0x00000040, Max: 0xffffffff, ABSOLUTE)

    Exec Addr    Load Addr    Size         Type   Attr      Idx    E Section Name        Object

    0x20000000   0x080040d0   0x00000004   Data   RW           96    .data               delay.o
    0x20000004   0x080040d4   0x00000010   Data   RW          159    .data               enc28j60.o
    0x20000014   0x080040e4   0x00000010   Data   RW          309    .data               net.o
    0x20000024   0x080040f4   0x00000008   Data   RW          414    .data               tcp.o
    0x2000002c   0x080040fc   0x00000011   Data   RW          481    .data               arp.o


    Execution Region ER_ZI (Exec base: 0x20000040, Load base: 0x08004110, Size: 0x00000bf0, Max: 0xffffffff, ABSOLUTE)

    Exec Addr    Load Addr    Size         Type   Attr      Idx    E Section Name        Object

    0x20000040        -       0x0000043c   Zero   RW          308    .bss                net.o
    0x2000047c        -       0x00000038   Zero   RW          413    .bss                tcp.o
    0x200004b4        -       0x00000032   Zero   RW          480    .bss                arp.o
    0x200004e6   0x08004110   0x00000002   PAD
    0x200004e8        -       0x000000e4   Zero   RW          577    .bss                c_w.l(rand.o)
    0x200005cc        -       0x00000060   Zero   RW          672    .bss                c_w.l(libspace.o)
    0x2000062c   0x08004110   0x00000004   PAD
    0x20000630        -       0x00000200   Zero   RW          521    HEAP                startup_stm32f10x_md.o
    0x20000830        -       0x00000400   Zero   RW          520    STACK               startup_stm32f10x_md.o


==============================================================================

Image component sizes


      Code (inc. data)   RO Data    RW Data    ZI Data      Debug   Object Name

       464         44          0         17         50       3134   arp.o
       144         24          0          4          0      27451   delay.o
      1224         74          0         16          0       8525   enc28j60.o
       124         22          0          0          0       1223   flash.o
       304         66          0          0          0     235990   main.o
       688         36          0         16       1084       6197   net.o
        64         26        236          0       1536        796   startup_stm32f10x_md.o
       328         28          0          0          0       1909   system_stm32f10x.o
      3044         54          0          8         56       5596   tcp.o

    ----------------------------------------------------------------------
      6388        374        268         64       2728     290821   Object Totals
         0          0         32          0          0          0   (incl. Generated)
         4          0          0          3          2          0   (incl. Padding)

    ----------------------------------------------------------------------

      Code (inc. data)   RO Data    RW Data    ZI Data      Debug   Library Member Name

         8          0          0          0          0         68   __main.o
         0          0          0          0          0          0   __rtentry.o
        12          0          0          0          0          0   __rtentry2.o
         6          0          0          0          0          0   __rtentry4.o
        52          8          0          0          0          0   __scatter.o
        26          0          0          0          0          0   __scatter_copy.o
        28          0          0          0          0          0   __scatter_zi.o
        18          0          0          0          0         80   exit.o
         6          0          0          0          0        152   heapauxi.o
         0          0          0          0          0          0   indicate_semi.o
         2          0          0          0          0          0   libinit.o
         6          0          0          0          0          0   libinit2.o
         2          0          0          0          0          0   libshutdown.o
         2          0          0          0          0          0   libshutdown2.o
         8          4          0          0         96         68   libspace.o
        88          0          0          0          0         76   memcmp.o
       112         18          0          0        228        160   rand.o
       138          0          0          0          0         68   rt_memcpy_v6.o
       100          0          0          0          0         80   rt_memcpy_w.o
         2          0          0          0          0          0   rtexit.o
        10          0          0          0          0          0   rtexit2.o
        12          4          0          0          0         68   sys_exit.o
        74          0          0          0          0         80   sys_stackheap_outer.o
         2          0          0          0          0         68   use_no_semi.o

    ----------------------------------------------------------------------
       720         34          0          0        328        968   Library Totals
         6          0          0          0          4          0   (incl. Padding)

    ----------------------------------------------------------------------

      Code (inc. data)   RO Data    RW Data    ZI Data      Debug   Library Name

       714         34          0          0        324        968   c_w.l

    ----------------------------------------------------------------------
       720         34          0          0        328        968   Library Totals

    ----------------------------------------------------------------------

==============================================================================


      Code (inc. data)   RO Data    RW Data    ZI Data      Debug   

      7108        408        268         64       3056     289029   Grand Totals
      7108        408        268         64       3056     289029   ELF Image Totals
      7108        408        268         64          0          0   ROM Totals

==============================================================================

    Total RO  Size (Code + RO Data)                 7376 (   7.20kB)
    Total RW  Size (RW Data + ZI Data)              3120 (   3.05kB)
    Total ROM Size (Code + RO Data + RW Data)       7440 (   7.27kB)

==============================================================================

